<!doctype html public "-//w3c//dtd html 4.0 transitional//en">
<html><head>
<title>Static Call Graph - [.\OBJ\LT738_DEMO.axf]</title></head>
<body><HR>
<H1>Static Call Graph for image .\OBJ\LT738_DEMO.axf</H1><HR>
<BR><P>#&#060CALLGRAPH&#062# ARM Linker, 5060750: Last Updated: Fri Aug 28 14:05:38 2020
<BR><P>
<H3>Maximum Stack Usage =        184 bytes + Unknown(Functions without stacksize, Cycles, Untraceable Function Pointers)</H3><H3>
Call chain for Maximum Stack Depth:</H3>
__rt_entry_main &rArr; main &rArr; Parallel_Init &rArr; FSMC_Init_16 &rArr; GPIO_Init
<P>
<H3>
Functions with no stack information
</H3><UL>
 <LI><a href="#[3d]">__user_initial_stackheap</a>
</UL>
</UL>
<P>
<H3>
Mutually Recursive functions
</H3> <LI><a href="#[4]">NMI_Handler</a>&nbsp;&nbsp;&nbsp;&rArr;&nbsp;&nbsp;&nbsp;<a href="#[4]">NMI_Handler</a><BR>
 <LI><a href="#[5]">HardFault_Handler</a>&nbsp;&nbsp;&nbsp;&rArr;&nbsp;&nbsp;&nbsp;<a href="#[5]">HardFault_Handler</a><BR>
 <LI><a href="#[6]">MemManage_Handler</a>&nbsp;&nbsp;&nbsp;&rArr;&nbsp;&nbsp;&nbsp;<a href="#[6]">MemManage_Handler</a><BR>
 <LI><a href="#[7]">BusFault_Handler</a>&nbsp;&nbsp;&nbsp;&rArr;&nbsp;&nbsp;&nbsp;<a href="#[7]">BusFault_Handler</a><BR>
 <LI><a href="#[8]">UsageFault_Handler</a>&nbsp;&nbsp;&nbsp;&rArr;&nbsp;&nbsp;&nbsp;<a href="#[8]">UsageFault_Handler</a><BR>
 <LI><a href="#[9]">SVC_Handler</a>&nbsp;&nbsp;&nbsp;&rArr;&nbsp;&nbsp;&nbsp;<a href="#[9]">SVC_Handler</a><BR>
 <LI><a href="#[a]">DebugMon_Handler</a>&nbsp;&nbsp;&nbsp;&rArr;&nbsp;&nbsp;&nbsp;<a href="#[a]">DebugMon_Handler</a><BR>
 <LI><a href="#[b]">PendSV_Handler</a>&nbsp;&nbsp;&nbsp;&rArr;&nbsp;&nbsp;&nbsp;<a href="#[b]">PendSV_Handler</a><BR>
 <LI><a href="#[c]">SysTick_Handler</a>&nbsp;&nbsp;&nbsp;&rArr;&nbsp;&nbsp;&nbsp;<a href="#[c]">SysTick_Handler</a><BR>
 <LI><a href="#[1f]">ADC_IRQHandler</a>&nbsp;&nbsp;&nbsp;&rArr;&nbsp;&nbsp;&nbsp;<a href="#[1f]">ADC_IRQHandler</a><BR>
</UL>
<P>
<H3>
Function Pointers
</H3><UL>
 <LI><a href="#[1f]">ADC_IRQHandler</a> from stm32f10x.o(.text) referenced from stm32f10x.o(RESET)
 <LI><a href="#[7]">BusFault_Handler</a> from stm32f10x.o(.text) referenced from stm32f10x.o(RESET)
 <LI><a href="#[22]">CAN_RX1_IRQHandler</a> from stm32f10x.o(.text) referenced from stm32f10x.o(RESET)
 <LI><a href="#[23]">CAN_SCE_IRQHandler</a> from stm32f10x.o(.text) referenced from stm32f10x.o(RESET)
 <LI><a href="#[18]">DMAChannel1_IRQHandler</a> from stm32f10x.o(.text) referenced from stm32f10x.o(RESET)
 <LI><a href="#[19]">DMAChannel2_IRQHandler</a> from stm32f10x.o(.text) referenced from stm32f10x.o(RESET)
 <LI><a href="#[1a]">DMAChannel3_IRQHandler</a> from stm32f10x.o(.text) referenced from stm32f10x.o(RESET)
 <LI><a href="#[1b]">DMAChannel4_IRQHandler</a> from stm32f10x.o(.text) referenced from stm32f10x.o(RESET)
 <LI><a href="#[1c]">DMAChannel5_IRQHandler</a> from stm32f10x.o(.text) referenced from stm32f10x.o(RESET)
 <LI><a href="#[1d]">DMAChannel6_IRQHandler</a> from stm32f10x.o(.text) referenced from stm32f10x.o(RESET)
 <LI><a href="#[1e]">DMAChannel7_IRQHandler</a> from stm32f10x.o(.text) referenced from stm32f10x.o(RESET)
 <LI><a href="#[a]">DebugMon_Handler</a> from stm32f10x.o(.text) referenced from stm32f10x.o(RESET)
 <LI><a href="#[13]">EXTI0_IRQHandler</a> from stm32f10x.o(.text) referenced from stm32f10x.o(RESET)
 <LI><a href="#[35]">EXTI15_10_IRQHandler</a> from stm32f10x.o(.text) referenced from stm32f10x.o(RESET)
 <LI><a href="#[14]">EXTI1_IRQHandler</a> from stm32f10x.o(.text) referenced from stm32f10x.o(RESET)
 <LI><a href="#[15]">EXTI2_IRQHandler</a> from stm32f10x.o(.text) referenced from stm32f10x.o(RESET)
 <LI><a href="#[16]">EXTI3_IRQHandler</a> from stm32f10x.o(.text) referenced from stm32f10x.o(RESET)
 <LI><a href="#[17]">EXTI4_IRQHandler</a> from stm32f10x.o(.text) referenced from stm32f10x.o(RESET)
 <LI><a href="#[24]">EXTI9_5_IRQHandler</a> from stm32f10x.o(.text) referenced from stm32f10x.o(RESET)
 <LI><a href="#[11]">FLASH_IRQHandler</a> from stm32f10x.o(.text) referenced from stm32f10x.o(RESET)
 <LI><a href="#[5]">HardFault_Handler</a> from stm32f10x.o(.text) referenced from stm32f10x.o(RESET)
 <LI><a href="#[2d]">I2C1_ER_IRQHandler</a> from stm32f10x.o(.text) referenced from stm32f10x.o(RESET)
 <LI><a href="#[2c]">I2C1_EV_IRQHandler</a> from stm32f10x.o(.text) referenced from stm32f10x.o(RESET)
 <LI><a href="#[2f]">I2C2_ER_IRQHandler</a> from stm32f10x.o(.text) referenced from stm32f10x.o(RESET)
 <LI><a href="#[2e]">I2C2_EV_IRQHandler</a> from stm32f10x.o(.text) referenced from stm32f10x.o(RESET)
 <LI><a href="#[6]">MemManage_Handler</a> from stm32f10x.o(.text) referenced from stm32f10x.o(RESET)
 <LI><a href="#[4]">NMI_Handler</a> from stm32f10x.o(.text) referenced from stm32f10x.o(RESET)
 <LI><a href="#[e]">PVD_IRQHandler</a> from stm32f10x.o(.text) referenced from stm32f10x.o(RESET)
 <LI><a href="#[b]">PendSV_Handler</a> from stm32f10x.o(.text) referenced from stm32f10x.o(RESET)
 <LI><a href="#[12]">RCC_IRQHandler</a> from stm32f10x.o(.text) referenced from stm32f10x.o(RESET)
 <LI><a href="#[36]">RTCAlarm_IRQHandler</a> from stm32f10x.o(.text) referenced from stm32f10x.o(RESET)
 <LI><a href="#[10]">RTC_IRQHandler</a> from stm32f10x.o(.text) referenced from stm32f10x.o(RESET)
 <LI><a href="#[3b]">Reset_Handler</a> from stm32f10x.o(.text) referenced from stm32f10x.o(RESET)
 <LI><a href="#[30]">SPI1_IRQHandler</a> from stm32f10x.o(.text) referenced from stm32f10x.o(RESET)
 <LI><a href="#[31]">SPI2_IRQHandler</a> from stm32f10x.o(.text) referenced from stm32f10x.o(RESET)
 <LI><a href="#[9]">SVC_Handler</a> from stm32f10x.o(.text) referenced from stm32f10x.o(RESET)
 <LI><a href="#[c]">SysTick_Handler</a> from stm32f10x.o(.text) referenced from stm32f10x.o(RESET)
 <LI><a href="#[f]">TAMPER_IRQHandler</a> from stm32f10x.o(.text) referenced from stm32f10x.o(RESET)
 <LI><a href="#[25]">TIM1_BRK_IRQHandler</a> from stm32f10x.o(.text) referenced from stm32f10x.o(RESET)
 <LI><a href="#[28]">TIM1_CC_IRQHandler</a> from stm32f10x.o(.text) referenced from stm32f10x.o(RESET)
 <LI><a href="#[27]">TIM1_TRG_COM_IRQHandler</a> from stm32f10x.o(.text) referenced from stm32f10x.o(RESET)
 <LI><a href="#[26]">TIM1_UP_IRQHandler</a> from stm32f10x.o(.text) referenced from stm32f10x.o(RESET)
 <LI><a href="#[29]">TIM2_IRQHandler</a> from stm32f10x.o(.text) referenced from stm32f10x.o(RESET)
 <LI><a href="#[2a]">TIM3_IRQHandler</a> from stm32f10x.o(.text) referenced from stm32f10x.o(RESET)
 <LI><a href="#[2b]">TIM4_IRQHandler</a> from stm32f10x.o(.text) referenced from stm32f10x.o(RESET)
 <LI><a href="#[32]">USART1_IRQHandler</a> from stm32f10x.o(.text) referenced from stm32f10x.o(RESET)
 <LI><a href="#[33]">USART2_IRQHandler</a> from stm32f10x.o(.text) referenced from stm32f10x.o(RESET)
 <LI><a href="#[34]">USART3_IRQHandler</a> from stm32f10x.o(.text) referenced from stm32f10x.o(RESET)
 <LI><a href="#[37]">USBWakeUp_IRQHandler</a> from stm32f10x.o(.text) referenced from stm32f10x.o(RESET)
 <LI><a href="#[20]">USB_HP_CAN_TX_IRQHandler</a> from stm32f10x.o(.text) referenced from stm32f10x.o(RESET)
 <LI><a href="#[21]">USB_LP_CAN_RX0_IRQHandler</a> from stm32f10x.o(.text) referenced from stm32f10x.o(RESET)
 <LI><a href="#[8]">UsageFault_Handler</a> from stm32f10x.o(.text) referenced from stm32f10x.o(RESET)
 <LI><a href="#[d]">WWDG_IRQHandler</a> from stm32f10x.o(.text) referenced from stm32f10x.o(RESET)
 <LI><a href="#[3c]">__main</a> from __main.o(!!!main) referenced from stm32f10x.o(.text)
 <LI><a href="#[3a]">_printf_input_char</a> from _printf_char_common.o(.text) referenced from _printf_char_common.o(.text)
 <LI><a href="#[39]">fputc</a> from usart.o(.text) referenced from _printf_char_file.o(.text)
</UL>
<P>
<H3>
Global Symbols
</H3>
<P><STRONG><a name="[3c]"></a>__main</STRONG> (Thumb, 8 bytes, Stack size 0 bytes, __main.o(!!!main))
<BR><BR>[Calls]<UL><LI><a href="#[3e]">&gt;&gt;</a>&nbsp;&nbsp;&nbsp;__scatterload
<LI><a href="#[3f]">&gt;&gt;</a>&nbsp;&nbsp;&nbsp;__rt_entry
</UL>

<P><STRONG><a name="[3e]"></a>__scatterload</STRONG> (Thumb, 0 bytes, Stack size unknown bytes, __scatter.o(!!!scatter))
<BR><BR>[Called By]<UL><LI><a href="#[3c]">&gt;&gt;</a>&nbsp;&nbsp;&nbsp;__main
</UL>

<P><STRONG><a name="[40]"></a>__scatterload_rt2</STRONG> (Thumb, 44 bytes, Stack size unknown bytes, __scatter.o(!!!scatter), UNUSED)
<BR><BR>[Calls]<UL><LI><a href="#[3f]">&gt;&gt;</a>&nbsp;&nbsp;&nbsp;__rt_entry
</UL>

<P><STRONG><a name="[236]"></a>__scatterload_rt2_thumb_only</STRONG> (Thumb, 0 bytes, Stack size unknown bytes, __scatter.o(!!!scatter), UNUSED)

<P><STRONG><a name="[237]"></a>__scatterload_null</STRONG> (Thumb, 0 bytes, Stack size unknown bytes, __scatter.o(!!!scatter), UNUSED)

<P><STRONG><a name="[41]"></a>__scatterload_copy</STRONG> (Thumb, 26 bytes, Stack size unknown bytes, __scatter_copy.o(!!handler_copy), UNUSED)
<BR><BR>[Calls]<UL><LI><a href="#[41]">&gt;&gt;</a>&nbsp;&nbsp;&nbsp;__scatterload_copy
</UL>
<BR>[Called By]<UL><LI><a href="#[41]">&gt;&gt;</a>&nbsp;&nbsp;&nbsp;__scatterload_copy
</UL>

<P><STRONG><a name="[238]"></a>__scatterload_zeroinit</STRONG> (Thumb, 28 bytes, Stack size unknown bytes, __scatter_zi.o(!!handler_zi), UNUSED)

<P><STRONG><a name="[45]"></a>__rt_lib_init</STRONG> (Thumb, 0 bytes, Stack size unknown bytes, libinit.o(.ARM.Collect$$libinit$$00000000))
<BR><BR>[Called By]<UL><LI><a href="#[44]">&gt;&gt;</a>&nbsp;&nbsp;&nbsp;__rt_entry_li
</UL>

<P><STRONG><a name="[239]"></a>__rt_lib_init_alloca_1</STRONG> (Thumb, 0 bytes, Stack size unknown bytes, libinit2.o(.ARM.Collect$$libinit$$0000002E))

<P><STRONG><a name="[23a]"></a>__rt_lib_init_argv_1</STRONG> (Thumb, 0 bytes, Stack size unknown bytes, libinit2.o(.ARM.Collect$$libinit$$0000002C))

<P><STRONG><a name="[23b]"></a>__rt_lib_init_atexit_1</STRONG> (Thumb, 0 bytes, Stack size unknown bytes, libinit2.o(.ARM.Collect$$libinit$$0000001B))

<P><STRONG><a name="[23c]"></a>__rt_lib_init_clock_1</STRONG> (Thumb, 0 bytes, Stack size unknown bytes, libinit2.o(.ARM.Collect$$libinit$$00000021))

<P><STRONG><a name="[23d]"></a>__rt_lib_init_cpp_1</STRONG> (Thumb, 0 bytes, Stack size unknown bytes, libinit2.o(.ARM.Collect$$libinit$$00000032))

<P><STRONG><a name="[23e]"></a>__rt_lib_init_exceptions_1</STRONG> (Thumb, 0 bytes, Stack size unknown bytes, libinit2.o(.ARM.Collect$$libinit$$00000030))

<P><STRONG><a name="[23f]"></a>__rt_lib_init_fp_1</STRONG> (Thumb, 0 bytes, Stack size unknown bytes, libinit2.o(.ARM.Collect$$libinit$$00000002))

<P><STRONG><a name="[240]"></a>__rt_lib_init_fp_trap_1</STRONG> (Thumb, 0 bytes, Stack size unknown bytes, libinit2.o(.ARM.Collect$$libinit$$0000001F))

<P><STRONG><a name="[241]"></a>__rt_lib_init_getenv_1</STRONG> (Thumb, 0 bytes, Stack size unknown bytes, libinit2.o(.ARM.Collect$$libinit$$00000023))

<P><STRONG><a name="[242]"></a>__rt_lib_init_heap_1</STRONG> (Thumb, 0 bytes, Stack size unknown bytes, libinit2.o(.ARM.Collect$$libinit$$0000000A))

<P><STRONG><a name="[243]"></a>__rt_lib_init_lc_collate_1</STRONG> (Thumb, 0 bytes, Stack size unknown bytes, libinit2.o(.ARM.Collect$$libinit$$00000011))

<P><STRONG><a name="[244]"></a>__rt_lib_init_lc_ctype_1</STRONG> (Thumb, 0 bytes, Stack size unknown bytes, libinit2.o(.ARM.Collect$$libinit$$00000013))

<P><STRONG><a name="[245]"></a>__rt_lib_init_lc_monetary_1</STRONG> (Thumb, 0 bytes, Stack size unknown bytes, libinit2.o(.ARM.Collect$$libinit$$00000015))

<P><STRONG><a name="[246]"></a>__rt_lib_init_lc_numeric_1</STRONG> (Thumb, 0 bytes, Stack size unknown bytes, libinit2.o(.ARM.Collect$$libinit$$00000017))

<P><STRONG><a name="[247]"></a>__rt_lib_init_lc_time_1</STRONG> (Thumb, 0 bytes, Stack size unknown bytes, libinit2.o(.ARM.Collect$$libinit$$00000019))

<P><STRONG><a name="[248]"></a>__rt_lib_init_preinit_1</STRONG> (Thumb, 0 bytes, Stack size unknown bytes, libinit2.o(.ARM.Collect$$libinit$$00000004))

<P><STRONG><a name="[249]"></a>__rt_lib_init_rand_1</STRONG> (Thumb, 0 bytes, Stack size unknown bytes, libinit2.o(.ARM.Collect$$libinit$$0000000E))

<P><STRONG><a name="[24a]"></a>__rt_lib_init_return</STRONG> (Thumb, 0 bytes, Stack size unknown bytes, libinit2.o(.ARM.Collect$$libinit$$00000033))

<P><STRONG><a name="[24b]"></a>__rt_lib_init_signal_1</STRONG> (Thumb, 0 bytes, Stack size unknown bytes, libinit2.o(.ARM.Collect$$libinit$$0000001D))

<P><STRONG><a name="[24c]"></a>__rt_lib_init_stdio_1</STRONG> (Thumb, 0 bytes, Stack size unknown bytes, libinit2.o(.ARM.Collect$$libinit$$00000025))

<P><STRONG><a name="[24d]"></a>__rt_lib_init_user_alloc_1</STRONG> (Thumb, 0 bytes, Stack size unknown bytes, libinit2.o(.ARM.Collect$$libinit$$0000000C))

<P><STRONG><a name="[4a]"></a>__rt_lib_shutdown</STRONG> (Thumb, 0 bytes, Stack size unknown bytes, libshutdown.o(.ARM.Collect$$libshutdown$$00000000))
<BR><BR>[Called By]<UL><LI><a href="#[49]">&gt;&gt;</a>&nbsp;&nbsp;&nbsp;__rt_exit_ls
</UL>

<P><STRONG><a name="[24e]"></a>__rt_lib_shutdown_cpp_1</STRONG> (Thumb, 0 bytes, Stack size unknown bytes, libshutdown2.o(.ARM.Collect$$libshutdown$$00000002))

<P><STRONG><a name="[24f]"></a>__rt_lib_shutdown_fp_trap_1</STRONG> (Thumb, 0 bytes, Stack size unknown bytes, libshutdown2.o(.ARM.Collect$$libshutdown$$00000007))

<P><STRONG><a name="[250]"></a>__rt_lib_shutdown_heap_1</STRONG> (Thumb, 0 bytes, Stack size unknown bytes, libshutdown2.o(.ARM.Collect$$libshutdown$$0000000F))

<P><STRONG><a name="[251]"></a>__rt_lib_shutdown_return</STRONG> (Thumb, 0 bytes, Stack size unknown bytes, libshutdown2.o(.ARM.Collect$$libshutdown$$00000010))

<P><STRONG><a name="[252]"></a>__rt_lib_shutdown_signal_1</STRONG> (Thumb, 0 bytes, Stack size unknown bytes, libshutdown2.o(.ARM.Collect$$libshutdown$$0000000A))

<P><STRONG><a name="[253]"></a>__rt_lib_shutdown_stdio_1</STRONG> (Thumb, 0 bytes, Stack size unknown bytes, libshutdown2.o(.ARM.Collect$$libshutdown$$00000004))

<P><STRONG><a name="[254]"></a>__rt_lib_shutdown_user_alloc_1</STRONG> (Thumb, 0 bytes, Stack size unknown bytes, libshutdown2.o(.ARM.Collect$$libshutdown$$0000000C))

<P><STRONG><a name="[3f]"></a>__rt_entry</STRONG> (Thumb, 0 bytes, Stack size unknown bytes, __rtentry.o(.ARM.Collect$$rtentry$$00000000))
<BR><BR>[Called By]<UL><LI><a href="#[40]">&gt;&gt;</a>&nbsp;&nbsp;&nbsp;__scatterload_rt2
<LI><a href="#[3c]">&gt;&gt;</a>&nbsp;&nbsp;&nbsp;__main
</UL>

<P><STRONG><a name="[255]"></a>__rt_entry_presh_1</STRONG> (Thumb, 0 bytes, Stack size unknown bytes, __rtentry2.o(.ARM.Collect$$rtentry$$00000002))

<P><STRONG><a name="[42]"></a>__rt_entry_sh</STRONG> (Thumb, 0 bytes, Stack size unknown bytes, __rtentry4.o(.ARM.Collect$$rtentry$$00000004))
<BR><BR>[Stack]<UL><LI>Max Depth = 8 + Unknown Stack Size
<LI>Call Chain = __rt_entry_sh &rArr; __user_setup_stackheap
</UL>
<BR>[Calls]<UL><LI><a href="#[43]">&gt;&gt;</a>&nbsp;&nbsp;&nbsp;__user_setup_stackheap
</UL>

<P><STRONG><a name="[44]"></a>__rt_entry_li</STRONG> (Thumb, 0 bytes, Stack size unknown bytes, __rtentry2.o(.ARM.Collect$$rtentry$$0000000A))
<BR><BR>[Calls]<UL><LI><a href="#[45]">&gt;&gt;</a>&nbsp;&nbsp;&nbsp;__rt_lib_init
</UL>

<P><STRONG><a name="[256]"></a>__rt_entry_postsh_1</STRONG> (Thumb, 0 bytes, Stack size unknown bytes, __rtentry2.o(.ARM.Collect$$rtentry$$00000009))

<P><STRONG><a name="[46]"></a>__rt_entry_main</STRONG> (Thumb, 0 bytes, Stack size unknown bytes, __rtentry2.o(.ARM.Collect$$rtentry$$0000000D))
<BR><BR>[Stack]<UL><LI>Max Depth = 184 + Unknown Stack Size
<LI>Call Chain = __rt_entry_main &rArr; main &rArr; Parallel_Init &rArr; FSMC_Init_16 &rArr; GPIO_Init
</UL>
<BR>[Calls]<UL><LI><a href="#[47]">&gt;&gt;</a>&nbsp;&nbsp;&nbsp;main
<LI><a href="#[48]">&gt;&gt;</a>&nbsp;&nbsp;&nbsp;exit
</UL>

<P><STRONG><a name="[257]"></a>__rt_entry_postli_1</STRONG> (Thumb, 0 bytes, Stack size unknown bytes, __rtentry2.o(.ARM.Collect$$rtentry$$0000000C))

<P><STRONG><a name="[235]"></a>__rt_exit</STRONG> (Thumb, 0 bytes, Stack size unknown bytes, rtexit.o(.ARM.Collect$$rtexit$$00000000))
<BR><BR>[Called By]<UL><LI><a href="#[48]">&gt;&gt;</a>&nbsp;&nbsp;&nbsp;exit
</UL>

<P><STRONG><a name="[49]"></a>__rt_exit_ls</STRONG> (Thumb, 0 bytes, Stack size unknown bytes, rtexit2.o(.ARM.Collect$$rtexit$$00000003))
<BR><BR>[Calls]<UL><LI><a href="#[4a]">&gt;&gt;</a>&nbsp;&nbsp;&nbsp;__rt_lib_shutdown
</UL>

<P><STRONG><a name="[258]"></a>__rt_exit_prels_1</STRONG> (Thumb, 0 bytes, Stack size unknown bytes, rtexit2.o(.ARM.Collect$$rtexit$$00000002))

<P><STRONG><a name="[4b]"></a>__rt_exit_exit</STRONG> (Thumb, 0 bytes, Stack size unknown bytes, rtexit2.o(.ARM.Collect$$rtexit$$00000004))
<BR><BR>[Calls]<UL><LI><a href="#[4c]">&gt;&gt;</a>&nbsp;&nbsp;&nbsp;_sys_exit
</UL>

<P><STRONG><a name="[47]"></a>main</STRONG> (Thumb, 246 bytes, Stack size 24 bytes, main.o(.text))
<BR><BR>[Stack]<UL><LI>Max Depth = 184<LI>Call Chain = main &rArr; Parallel_Init &rArr; FSMC_Init_16 &rArr; GPIO_Init
</UL>
<BR>[Calls]<UL><LI><a href="#[4f]">&gt;&gt;</a>&nbsp;&nbsp;&nbsp;uart_init
<LI><a href="#[5f]">&gt;&gt;</a>&nbsp;&nbsp;&nbsp;delay_ms
<LI><a href="#[4e]">&gt;&gt;</a>&nbsp;&nbsp;&nbsp;delay_init
<LI><a href="#[50]">&gt;&gt;</a>&nbsp;&nbsp;&nbsp;W25X_Init
<LI><a href="#[4d]">&gt;&gt;</a>&nbsp;&nbsp;&nbsp;SystemInit
<LI><a href="#[56]">&gt;&gt;</a>&nbsp;&nbsp;&nbsp;Select_Main_Window_16bpp
<LI><a href="#[51]">&gt;&gt;</a>&nbsp;&nbsp;&nbsp;Parallel_Init
<LI><a href="#[59]">&gt;&gt;</a>&nbsp;&nbsp;&nbsp;Main_Window_Start_XY
<LI><a href="#[58]">&gt;&gt;</a>&nbsp;&nbsp;&nbsp;Main_Image_Width
<LI><a href="#[57]">&gt;&gt;</a>&nbsp;&nbsp;&nbsp;Main_Image_Start_Address
<LI><a href="#[60]">&gt;&gt;</a>&nbsp;&nbsp;&nbsp;LT768_DMA_24bit_Block
<LI><a href="#[54]">&gt;&gt;</a>&nbsp;&nbsp;&nbsp;LT738_PWM1_Init
<LI><a href="#[53]">&gt;&gt;</a>&nbsp;&nbsp;&nbsp;LT738_Init
<LI><a href="#[5e]">&gt;&gt;</a>&nbsp;&nbsp;&nbsp;LT738_DrawSquare_Fill
<LI><a href="#[55]">&gt;&gt;</a>&nbsp;&nbsp;&nbsp;Display_ON
<LI><a href="#[5b]">&gt;&gt;</a>&nbsp;&nbsp;&nbsp;Canvas_image_width
<LI><a href="#[5a]">&gt;&gt;</a>&nbsp;&nbsp;&nbsp;Canvas_Image_Start_address
<LI><a href="#[5c]">&gt;&gt;</a>&nbsp;&nbsp;&nbsp;Active_Window_XY
<LI><a href="#[5d]">&gt;&gt;</a>&nbsp;&nbsp;&nbsp;Active_Window_WH
<LI><a href="#[52]">&gt;&gt;</a>&nbsp;&nbsp;&nbsp;__2printf
</UL>
<BR>[Called By]<UL><LI><a href="#[46]">&gt;&gt;</a>&nbsp;&nbsp;&nbsp;__rt_entry_main
</UL>

<P><STRONG><a name="[4e]"></a>delay_init</STRONG> (Thumb, 50 bytes, Stack size 8 bytes, delay.o(.text))
<BR><BR>[Stack]<UL><LI>Max Depth = 8<LI>Call Chain = delay_init
</UL>
<BR>[Calls]<UL><LI><a href="#[61]">&gt;&gt;</a>&nbsp;&nbsp;&nbsp;SysTick_CLKSourceConfig
</UL>
<BR>[Called By]<UL><LI><a href="#[47]">&gt;&gt;</a>&nbsp;&nbsp;&nbsp;main
</UL>

<P><STRONG><a name="[259]"></a>delay_us</STRONG> (Thumb, 72 bytes, Stack size 0 bytes, delay.o(.text), UNUSED)

<P><STRONG><a name="[5f]"></a>delay_ms</STRONG> (Thumb, 72 bytes, Stack size 0 bytes, delay.o(.text))
<BR><BR>[Called By]<UL><LI><a href="#[47]">&gt;&gt;</a>&nbsp;&nbsp;&nbsp;main
</UL>

<P><STRONG><a name="[4c]"></a>_sys_exit</STRONG> (Thumb, 4 bytes, Stack size 0 bytes, usart.o(.text))
<BR><BR>[Called By]<UL><LI><a href="#[4b]">&gt;&gt;</a>&nbsp;&nbsp;&nbsp;__rt_exit_exit
</UL>

<P><STRONG><a name="[39]"></a>fputc</STRONG> (Thumb, 24 bytes, Stack size 0 bytes, usart.o(.text))
<BR>[Address Reference Count : 1]<UL><LI> _printf_char_file.o(.text)
</UL>
<P><STRONG><a name="[4f]"></a>uart_init</STRONG> (Thumb, 140 bytes, Stack size 32 bytes, usart.o(.text))
<BR><BR>[Stack]<UL><LI>Max Depth = 100<LI>Call Chain = uart_init &rArr; USART_Init &rArr; RCC_GetClocksFreq
</UL>
<BR>[Calls]<UL><LI><a href="#[65]">&gt;&gt;</a>&nbsp;&nbsp;&nbsp;USART_Init
<LI><a href="#[66]">&gt;&gt;</a>&nbsp;&nbsp;&nbsp;USART_Cmd
<LI><a href="#[62]">&gt;&gt;</a>&nbsp;&nbsp;&nbsp;RCC_APB2PeriphClockCmd
<LI><a href="#[64]">&gt;&gt;</a>&nbsp;&nbsp;&nbsp;NVIC_Init
<LI><a href="#[63]">&gt;&gt;</a>&nbsp;&nbsp;&nbsp;GPIO_Init
</UL>
<BR>[Called By]<UL><LI><a href="#[47]">&gt;&gt;</a>&nbsp;&nbsp;&nbsp;main
</UL>

<P><STRONG><a name="[67]"></a>FSMC_Init_16</STRONG> (Thumb, 220 bytes, Stack size 128 bytes, if_port.o(.text))
<BR><BR>[Stack]<UL><LI>Max Depth = 152<LI>Call Chain = FSMC_Init_16 &rArr; GPIO_Init
</UL>
<BR>[Calls]<UL><LI><a href="#[68]">&gt;&gt;</a>&nbsp;&nbsp;&nbsp;RCC_AHBPeriphClockCmd
<LI><a href="#[69]">&gt;&gt;</a>&nbsp;&nbsp;&nbsp;FSMC_NORSRAMInit
<LI><a href="#[6a]">&gt;&gt;</a>&nbsp;&nbsp;&nbsp;FSMC_NORSRAMCmd
<LI><a href="#[62]">&gt;&gt;</a>&nbsp;&nbsp;&nbsp;RCC_APB2PeriphClockCmd
<LI><a href="#[63]">&gt;&gt;</a>&nbsp;&nbsp;&nbsp;GPIO_Init
</UL>
<BR>[Called By]<UL><LI><a href="#[51]">&gt;&gt;</a>&nbsp;&nbsp;&nbsp;Parallel_Init
</UL>

<P><STRONG><a name="[6c]"></a>FMSC_16_CmdWrite</STRONG> (Thumb, 8 bytes, Stack size 0 bytes, if_port.o(.text))
<BR><BR>[Called By]<UL><LI><a href="#[6b]">&gt;&gt;</a>&nbsp;&nbsp;&nbsp;LCD_CmdWrite
</UL>

<P><STRONG><a name="[6e]"></a>FMSC_16_DataWrite</STRONG> (Thumb, 6 bytes, Stack size 0 bytes, if_port.o(.text))
<BR><BR>[Called By]<UL><LI><a href="#[6d]">&gt;&gt;</a>&nbsp;&nbsp;&nbsp;LCD_DataWrite
</UL>

<P><STRONG><a name="[70]"></a>FMSC_16_DataWrite_Pixel</STRONG> (Thumb, 6 bytes, Stack size 0 bytes, if_port.o(.text), UNUSED)
<BR><BR>[Called By]<UL><LI><a href="#[6f]">&gt;&gt;</a>&nbsp;&nbsp;&nbsp;LCD_DataWrite_Pixel
</UL>

<P><STRONG><a name="[72]"></a>FMSC_16_StatusRead</STRONG> (Thumb, 12 bytes, Stack size 0 bytes, if_port.o(.text))
<BR><BR>[Called By]<UL><LI><a href="#[71]">&gt;&gt;</a>&nbsp;&nbsp;&nbsp;LCD_StatusRead
</UL>

<P><STRONG><a name="[74]"></a>FMSC_16_DataRead</STRONG> (Thumb, 8 bytes, Stack size 0 bytes, if_port.o(.text))
<BR><BR>[Called By]<UL><LI><a href="#[73]">&gt;&gt;</a>&nbsp;&nbsp;&nbsp;LCD_DataRead
</UL>

<P><STRONG><a name="[6b]"></a>LCD_CmdWrite</STRONG> (Thumb, 12 bytes, Stack size 4 bytes, if_port.o(.text))
<BR><BR>[Stack]<UL><LI>Max Depth = 4<LI>Call Chain = LCD_CmdWrite
</UL>
<BR>[Calls]<UL><LI><a href="#[6c]">&gt;&gt;</a>&nbsp;&nbsp;&nbsp;FMSC_16_CmdWrite
</UL>
<BR>[Called By]<UL><LI><a href="#[220]">&gt;&gt;</a>&nbsp;&nbsp;&nbsp;LT738_PLL_Initial
<LI><a href="#[21f]">&gt;&gt;</a>&nbsp;&nbsp;&nbsp;System_Check_Temp
<LI><a href="#[21a]">&gt;&gt;</a>&nbsp;&nbsp;&nbsp;Check_Busy_SFI_DMA
<LI><a href="#[219]">&gt;&gt;</a>&nbsp;&nbsp;&nbsp;Start_SFI_DMA
<LI><a href="#[218]">&gt;&gt;</a>&nbsp;&nbsp;&nbsp;SFI_DMA_Source_Start_Address
<LI><a href="#[217]">&gt;&gt;</a>&nbsp;&nbsp;&nbsp;SFI_DMA_Source_Width
<LI><a href="#[216]">&gt;&gt;</a>&nbsp;&nbsp;&nbsp;SFI_DMA_Transfer_Width_Height
<LI><a href="#[215]">&gt;&gt;</a>&nbsp;&nbsp;&nbsp;SFI_DMA_Destination_Upper_Left_Corner
<LI><a href="#[214]">&gt;&gt;</a>&nbsp;&nbsp;&nbsp;SPI_Clock_Period
<LI><a href="#[213]">&gt;&gt;</a>&nbsp;&nbsp;&nbsp;Select_SFI_DMA_Mode
<LI><a href="#[212]">&gt;&gt;</a>&nbsp;&nbsp;&nbsp;Select_SFI_1
<LI><a href="#[211]">&gt;&gt;</a>&nbsp;&nbsp;&nbsp;Select_SFI_0
<LI><a href="#[210]">&gt;&gt;</a>&nbsp;&nbsp;&nbsp;Enable_SFlash_SPI
<LI><a href="#[20f]">&gt;&gt;</a>&nbsp;&nbsp;&nbsp;Show_picture
<LI><a href="#[20e]">&gt;&gt;</a>&nbsp;&nbsp;&nbsp;Show_String
<LI><a href="#[20d]">&gt;&gt;</a>&nbsp;&nbsp;&nbsp;Read_Key_Strobe_Data_2
<LI><a href="#[20c]">&gt;&gt;</a>&nbsp;&nbsp;&nbsp;Read_Key_Strobe_Data_1
<LI><a href="#[20b]">&gt;&gt;</a>&nbsp;&nbsp;&nbsp;Read_Key_Strobe_Data_0
<LI><a href="#[20a]">&gt;&gt;</a>&nbsp;&nbsp;&nbsp;Numbers_of_Key_Hit
<LI><a href="#[209]">&gt;&gt;</a>&nbsp;&nbsp;&nbsp;Long_Key_Timing_Adjustment
<LI><a href="#[208]">&gt;&gt;</a>&nbsp;&nbsp;&nbsp;Key_Scan_Wakeup_Function_Enable
<LI><a href="#[207]">&gt;&gt;</a>&nbsp;&nbsp;&nbsp;Key_Scan_Freg
<LI><a href="#[206]">&gt;&gt;</a>&nbsp;&nbsp;&nbsp;Long_Key_enable
<LI><a href="#[205]">&gt;&gt;</a>&nbsp;&nbsp;&nbsp;Read_GPIO_F_7_0
<LI><a href="#[204]">&gt;&gt;</a>&nbsp;&nbsp;&nbsp;Write_GPIO_F_7_0
<LI><a href="#[203]">&gt;&gt;</a>&nbsp;&nbsp;&nbsp;Set_GPIO_F_In_Out
<LI><a href="#[202]">&gt;&gt;</a>&nbsp;&nbsp;&nbsp;Read_GPIO_E_7_0
<LI><a href="#[201]">&gt;&gt;</a>&nbsp;&nbsp;&nbsp;Write_GPIO_E_7_0
<LI><a href="#[200]">&gt;&gt;</a>&nbsp;&nbsp;&nbsp;Set_GPIO_E_In_Out
<LI><a href="#[1ff]">&gt;&gt;</a>&nbsp;&nbsp;&nbsp;Read_GPIO_D_7_0
<LI><a href="#[1fe]">&gt;&gt;</a>&nbsp;&nbsp;&nbsp;Write_GPIO_D_7_0
<LI><a href="#[1fd]">&gt;&gt;</a>&nbsp;&nbsp;&nbsp;Set_GPIO_D_In_Out
<LI><a href="#[1fc]">&gt;&gt;</a>&nbsp;&nbsp;&nbsp;Read_GPIO_C_7_0
<LI><a href="#[1fb]">&gt;&gt;</a>&nbsp;&nbsp;&nbsp;Write_GPIO_C_7_0
<LI><a href="#[1fa]">&gt;&gt;</a>&nbsp;&nbsp;&nbsp;Set_GPIO_C_In_Out
<LI><a href="#[1f9]">&gt;&gt;</a>&nbsp;&nbsp;&nbsp;Read_GPIO_B_7_0
<LI><a href="#[1f8]">&gt;&gt;</a>&nbsp;&nbsp;&nbsp;Write_GPIO_B_7_4
<LI><a href="#[1f7]">&gt;&gt;</a>&nbsp;&nbsp;&nbsp;Read_GPIO_A_7_0
<LI><a href="#[1f6]">&gt;&gt;</a>&nbsp;&nbsp;&nbsp;Write_GPIO_A_7_0
<LI><a href="#[1f5]">&gt;&gt;</a>&nbsp;&nbsp;&nbsp;Set_GPIO_A_In_Out
<LI><a href="#[1f4]">&gt;&gt;</a>&nbsp;&nbsp;&nbsp;LT738_I2CM_Arbitration
<LI><a href="#[1f3]">&gt;&gt;</a>&nbsp;&nbsp;&nbsp;LT738_I2CM_transmit_Progress
<LI><a href="#[1f2]">&gt;&gt;</a>&nbsp;&nbsp;&nbsp;LT738_I2CM_Bus_Busy
<LI><a href="#[1f1]">&gt;&gt;</a>&nbsp;&nbsp;&nbsp;LT738_I2CM_Check_Slave_ACK
<LI><a href="#[1f0]">&gt;&gt;</a>&nbsp;&nbsp;&nbsp;LT738_I2CM_Write
<LI><a href="#[1ef]">&gt;&gt;</a>&nbsp;&nbsp;&nbsp;LT738_I2CM_Write_With_Start
<LI><a href="#[1ee]">&gt;&gt;</a>&nbsp;&nbsp;&nbsp;LT738_I2CM_Read_With_Nack
<LI><a href="#[1ed]">&gt;&gt;</a>&nbsp;&nbsp;&nbsp;LT738_I2CM_Read_With_Ack
<LI><a href="#[1ec]">&gt;&gt;</a>&nbsp;&nbsp;&nbsp;LT738_I2CM_Stop
<LI><a href="#[1eb]">&gt;&gt;</a>&nbsp;&nbsp;&nbsp;LT738_I2CM_Receiver_Data
<LI><a href="#[1ea]">&gt;&gt;</a>&nbsp;&nbsp;&nbsp;LT738_I2CM_Transmit_Data
<LI><a href="#[1e9]">&gt;&gt;</a>&nbsp;&nbsp;&nbsp;LT738_I2CM_Clock_Prescale
<LI><a href="#[1e8]">&gt;&gt;</a>&nbsp;&nbsp;&nbsp;Power_Saving_Sleep_Mode
<LI><a href="#[1e7]">&gt;&gt;</a>&nbsp;&nbsp;&nbsp;Power_Saving_Suspend_Mode
<LI><a href="#[1e6]">&gt;&gt;</a>&nbsp;&nbsp;&nbsp;Power_Saving_Standby_Mode
<LI><a href="#[1e5]">&gt;&gt;</a>&nbsp;&nbsp;&nbsp;Power_Normal_Mode
<LI><a href="#[1e4]">&gt;&gt;</a>&nbsp;&nbsp;&nbsp;CGRAM_Start_address
<LI><a href="#[1e3]">&gt;&gt;</a>&nbsp;&nbsp;&nbsp;Background_color_16M
<LI><a href="#[1e2]">&gt;&gt;</a>&nbsp;&nbsp;&nbsp;Background_color_65k
<LI><a href="#[1e1]">&gt;&gt;</a>&nbsp;&nbsp;&nbsp;Background_color_256
<LI><a href="#[1e0]">&gt;&gt;</a>&nbsp;&nbsp;&nbsp;Background_RGB
<LI><a href="#[1df]">&gt;&gt;</a>&nbsp;&nbsp;&nbsp;Foreground_color_16M
<LI><a href="#[1de]">&gt;&gt;</a>&nbsp;&nbsp;&nbsp;Foreground_color_65k
<LI><a href="#[1dd]">&gt;&gt;</a>&nbsp;&nbsp;&nbsp;Foreground_color_256
<LI><a href="#[1dc]">&gt;&gt;</a>&nbsp;&nbsp;&nbsp;Foreground_RGB
<LI><a href="#[1db]">&gt;&gt;</a>&nbsp;&nbsp;&nbsp;Set_Font_to_Font_Width
<LI><a href="#[1da]">&gt;&gt;</a>&nbsp;&nbsp;&nbsp;Font_Line_Distance
<LI><a href="#[1d9]">&gt;&gt;</a>&nbsp;&nbsp;&nbsp;Set_GTFont_Decoder
<LI><a href="#[1d8]">&gt;&gt;</a>&nbsp;&nbsp;&nbsp;GTFont_Select_GT22L16A1Y
<LI><a href="#[1d7]">&gt;&gt;</a>&nbsp;&nbsp;&nbsp;GTFont_Select_GT21L24S1W
<LI><a href="#[1d6]">&gt;&gt;</a>&nbsp;&nbsp;&nbsp;GTFont_Select_GT20L24F6Y
<LI><a href="#[1d5]">&gt;&gt;</a>&nbsp;&nbsp;&nbsp;GTFont_Select_GT23L32S4W_GT23H32S4W
<LI><a href="#[1d4]">&gt;&gt;</a>&nbsp;&nbsp;&nbsp;GTFont_Select_GT23L24M1Z
<LI><a href="#[1d3]">&gt;&gt;</a>&nbsp;&nbsp;&nbsp;GTFont_Select_GT23L24T3Y_GT23H24T3Y
<LI><a href="#[1d2]">&gt;&gt;</a>&nbsp;&nbsp;&nbsp;GTFont_Select_GT23L16U2W
<LI><a href="#[1d1]">&gt;&gt;</a>&nbsp;&nbsp;&nbsp;GTFont_Select_GT21L16TW_GT21H16T1W
<LI><a href="#[1d0]">&gt;&gt;</a>&nbsp;&nbsp;&nbsp;Font_Height_X4
<LI><a href="#[1cf]">&gt;&gt;</a>&nbsp;&nbsp;&nbsp;Font_Height_X3
<LI><a href="#[1ce]">&gt;&gt;</a>&nbsp;&nbsp;&nbsp;Font_Height_X2
<LI><a href="#[1cd]">&gt;&gt;</a>&nbsp;&nbsp;&nbsp;Font_Height_X1
<LI><a href="#[1cc]">&gt;&gt;</a>&nbsp;&nbsp;&nbsp;Font_Width_X4
<LI><a href="#[1cb]">&gt;&gt;</a>&nbsp;&nbsp;&nbsp;Font_Width_X3
<LI><a href="#[1ca]">&gt;&gt;</a>&nbsp;&nbsp;&nbsp;Font_Width_X2
<LI><a href="#[1c9]">&gt;&gt;</a>&nbsp;&nbsp;&nbsp;Font_Width_X1
<LI><a href="#[1c8]">&gt;&gt;</a>&nbsp;&nbsp;&nbsp;Font_90_degree
<LI><a href="#[1c7]">&gt;&gt;</a>&nbsp;&nbsp;&nbsp;Font_0_degree
<LI><a href="#[1c6]">&gt;&gt;</a>&nbsp;&nbsp;&nbsp;Font_Background_select_Color
<LI><a href="#[1c5]">&gt;&gt;</a>&nbsp;&nbsp;&nbsp;Font_Background_select_Transparency
<LI><a href="#[1c4]">&gt;&gt;</a>&nbsp;&nbsp;&nbsp;Disable_Font_Alignment
<LI><a href="#[1c3]">&gt;&gt;</a>&nbsp;&nbsp;&nbsp;Enable_Font_Alignment
<LI><a href="#[1c2]">&gt;&gt;</a>&nbsp;&nbsp;&nbsp;Internal_CGROM_Select_ISOIEC8859_4
<LI><a href="#[1c1]">&gt;&gt;</a>&nbsp;&nbsp;&nbsp;Internal_CGROM_Select_ISOIEC8859_3
<LI><a href="#[1c0]">&gt;&gt;</a>&nbsp;&nbsp;&nbsp;Internal_CGROM_Select_ISOIEC8859_2
<LI><a href="#[1bf]">&gt;&gt;</a>&nbsp;&nbsp;&nbsp;Internal_CGROM_Select_ISOIEC8859_1
<LI><a href="#[1be]">&gt;&gt;</a>&nbsp;&nbsp;&nbsp;Font_Select_16x32_32x32
<LI><a href="#[1bd]">&gt;&gt;</a>&nbsp;&nbsp;&nbsp;Font_Select_12x24_24x24
<LI><a href="#[1bc]">&gt;&gt;</a>&nbsp;&nbsp;&nbsp;Font_Select_8x16_16x16
<LI><a href="#[1bb]">&gt;&gt;</a>&nbsp;&nbsp;&nbsp;CGROM_Select_Genitop_FontROM
<LI><a href="#[1ba]">&gt;&gt;</a>&nbsp;&nbsp;&nbsp;CGROM_Select_Internal_CGROM
<LI><a href="#[1b9]">&gt;&gt;</a>&nbsp;&nbsp;&nbsp;Font_Select_UserDefine_Mode
<LI><a href="#[1b8]">&gt;&gt;</a>&nbsp;&nbsp;&nbsp;BTE_Alpha_Blending_Effect
<LI><a href="#[1b1]">&gt;&gt;</a>&nbsp;&nbsp;&nbsp;S1_Constant_color_16M
<LI><a href="#[1b0]">&gt;&gt;</a>&nbsp;&nbsp;&nbsp;S1_Constant_color_65k
<LI><a href="#[1af]">&gt;&gt;</a>&nbsp;&nbsp;&nbsp;S1_Constant_color_256
<LI><a href="#[1aa]">&gt;&gt;</a>&nbsp;&nbsp;&nbsp;BTE_Destination_Color_24bpp
<LI><a href="#[1a9]">&gt;&gt;</a>&nbsp;&nbsp;&nbsp;BTE_Destination_Color_16bpp
<LI><a href="#[1a8]">&gt;&gt;</a>&nbsp;&nbsp;&nbsp;BTE_Destination_Color_8bpp
<LI><a href="#[1a7]">&gt;&gt;</a>&nbsp;&nbsp;&nbsp;BTE_S1_Color_16bit_Alpha
<LI><a href="#[1a6]">&gt;&gt;</a>&nbsp;&nbsp;&nbsp;BTE_S1_Color_8bit_Alpha
<LI><a href="#[1a5]">&gt;&gt;</a>&nbsp;&nbsp;&nbsp;BTE_S1_Color_Constant
<LI><a href="#[1a4]">&gt;&gt;</a>&nbsp;&nbsp;&nbsp;BTE_S1_Color_24bpp
<LI><a href="#[1a3]">&gt;&gt;</a>&nbsp;&nbsp;&nbsp;BTE_S1_Color_16bpp
<LI><a href="#[1a2]">&gt;&gt;</a>&nbsp;&nbsp;&nbsp;BTE_S1_Color_8bpp
<LI><a href="#[1a1]">&gt;&gt;</a>&nbsp;&nbsp;&nbsp;BTE_S0_Color_24bpp
<LI><a href="#[1a0]">&gt;&gt;</a>&nbsp;&nbsp;&nbsp;BTE_S0_Color_16bpp
<LI><a href="#[19f]">&gt;&gt;</a>&nbsp;&nbsp;&nbsp;BTE_S0_Color_8bpp
<LI><a href="#[19e]">&gt;&gt;</a>&nbsp;&nbsp;&nbsp;BTE_Operation_Code
<LI><a href="#[19d]">&gt;&gt;</a>&nbsp;&nbsp;&nbsp;BTE_ROP_Code
<LI><a href="#[19c]">&gt;&gt;</a>&nbsp;&nbsp;&nbsp;Pattern_Format_16X16
<LI><a href="#[19b]">&gt;&gt;</a>&nbsp;&nbsp;&nbsp;Pattern_Format_8X8
<LI><a href="#[199]">&gt;&gt;</a>&nbsp;&nbsp;&nbsp;BTE_Disable
<LI><a href="#[198]">&gt;&gt;</a>&nbsp;&nbsp;&nbsp;BTE_Enable
<LI><a href="#[197]">&gt;&gt;</a>&nbsp;&nbsp;&nbsp;Set_Timer1_Count_Buffer
<LI><a href="#[196]">&gt;&gt;</a>&nbsp;&nbsp;&nbsp;Set_Timer1_Compare_Buffer
<LI><a href="#[195]">&gt;&gt;</a>&nbsp;&nbsp;&nbsp;Set_Timer0_Count_Buffer
<LI><a href="#[194]">&gt;&gt;</a>&nbsp;&nbsp;&nbsp;Set_Timer0_Compare_Buffer
<LI><a href="#[193]">&gt;&gt;</a>&nbsp;&nbsp;&nbsp;Set_Timer0_Dead_Zone_Length
<LI><a href="#[192]">&gt;&gt;</a>&nbsp;&nbsp;&nbsp;Stop_PWM0
<LI><a href="#[191]">&gt;&gt;</a>&nbsp;&nbsp;&nbsp;Start_PWM0
<LI><a href="#[190]">&gt;&gt;</a>&nbsp;&nbsp;&nbsp;One_Shot_PWM0
<LI><a href="#[18f]">&gt;&gt;</a>&nbsp;&nbsp;&nbsp;Auto_Reload_PWM0
<LI><a href="#[18e]">&gt;&gt;</a>&nbsp;&nbsp;&nbsp;Disable_PWM0_Inverter
<LI><a href="#[18d]">&gt;&gt;</a>&nbsp;&nbsp;&nbsp;Enable_PWM0_Inverter
<LI><a href="#[18c]">&gt;&gt;</a>&nbsp;&nbsp;&nbsp;Disable_PWM0_Dead_Zone
<LI><a href="#[18b]">&gt;&gt;</a>&nbsp;&nbsp;&nbsp;Enable_PWM0_Dead_Zone
<LI><a href="#[18a]">&gt;&gt;</a>&nbsp;&nbsp;&nbsp;Stop_PWM1
<LI><a href="#[189]">&gt;&gt;</a>&nbsp;&nbsp;&nbsp;Start_PWM1
<LI><a href="#[188]">&gt;&gt;</a>&nbsp;&nbsp;&nbsp;One_Shot_PWM1
<LI><a href="#[187]">&gt;&gt;</a>&nbsp;&nbsp;&nbsp;Auto_Reload_PWM1
<LI><a href="#[186]">&gt;&gt;</a>&nbsp;&nbsp;&nbsp;Disable_PWM1_Inverter
<LI><a href="#[185]">&gt;&gt;</a>&nbsp;&nbsp;&nbsp;Enable_PWM1_Inverter
<LI><a href="#[184]">&gt;&gt;</a>&nbsp;&nbsp;&nbsp;Select_PWM0_is_Core_Clock
<LI><a href="#[183]">&gt;&gt;</a>&nbsp;&nbsp;&nbsp;Select_PWM0
<LI><a href="#[182]">&gt;&gt;</a>&nbsp;&nbsp;&nbsp;Select_PWM0_is_GPIO_C7
<LI><a href="#[181]">&gt;&gt;</a>&nbsp;&nbsp;&nbsp;Select_PWM1_is_Osc_Clock
<LI><a href="#[180]">&gt;&gt;</a>&nbsp;&nbsp;&nbsp;Select_PWM1
<LI><a href="#[17f]">&gt;&gt;</a>&nbsp;&nbsp;&nbsp;Select_PWM1_is_ErrorFlag
<LI><a href="#[17e]">&gt;&gt;</a>&nbsp;&nbsp;&nbsp;Select_PWM0_Clock_Divided_By_8
<LI><a href="#[17d]">&gt;&gt;</a>&nbsp;&nbsp;&nbsp;Select_PWM0_Clock_Divided_By_4
<LI><a href="#[17c]">&gt;&gt;</a>&nbsp;&nbsp;&nbsp;Select_PWM0_Clock_Divided_By_2
<LI><a href="#[17b]">&gt;&gt;</a>&nbsp;&nbsp;&nbsp;Select_PWM0_Clock_Divided_By_1
<LI><a href="#[17a]">&gt;&gt;</a>&nbsp;&nbsp;&nbsp;Select_PWM1_Clock_Divided_By_8
<LI><a href="#[179]">&gt;&gt;</a>&nbsp;&nbsp;&nbsp;Select_PWM1_Clock_Divided_By_4
<LI><a href="#[178]">&gt;&gt;</a>&nbsp;&nbsp;&nbsp;Select_PWM1_Clock_Divided_By_2
<LI><a href="#[177]">&gt;&gt;</a>&nbsp;&nbsp;&nbsp;Select_PWM1_Clock_Divided_By_1
<LI><a href="#[176]">&gt;&gt;</a>&nbsp;&nbsp;&nbsp;Set_PWM_Prescaler_1_to_256
<LI><a href="#[175]">&gt;&gt;</a>&nbsp;&nbsp;&nbsp;Circle_Square_Radius_RxRy
<LI><a href="#[174]">&gt;&gt;</a>&nbsp;&nbsp;&nbsp;Ellipse_Radius_RxRy
<LI><a href="#[173]">&gt;&gt;</a>&nbsp;&nbsp;&nbsp;Circle_Radius_R
<LI><a href="#[172]">&gt;&gt;</a>&nbsp;&nbsp;&nbsp;Ellipse_Center_XY
<LI><a href="#[171]">&gt;&gt;</a>&nbsp;&nbsp;&nbsp;Circle_Center_XY
<LI><a href="#[170]">&gt;&gt;</a>&nbsp;&nbsp;&nbsp;Start_Circle_Square_Fill
<LI><a href="#[16f]">&gt;&gt;</a>&nbsp;&nbsp;&nbsp;Start_Circle_Square
<LI><a href="#[16e]">&gt;&gt;</a>&nbsp;&nbsp;&nbsp;Start_Square_Fill
<LI><a href="#[16d]">&gt;&gt;</a>&nbsp;&nbsp;&nbsp;Start_Square
<LI><a href="#[16c]">&gt;&gt;</a>&nbsp;&nbsp;&nbsp;Start_Right_Down_Curve_Fill
<LI><a href="#[16b]">&gt;&gt;</a>&nbsp;&nbsp;&nbsp;Start_Right_Up_Curve_Fill
<LI><a href="#[16a]">&gt;&gt;</a>&nbsp;&nbsp;&nbsp;Start_Left_Up_Curve_Fill
<LI><a href="#[169]">&gt;&gt;</a>&nbsp;&nbsp;&nbsp;Start_Left_Down_Curve_Fill
<LI><a href="#[168]">&gt;&gt;</a>&nbsp;&nbsp;&nbsp;Start_Right_Down_Curve
<LI><a href="#[167]">&gt;&gt;</a>&nbsp;&nbsp;&nbsp;Start_Right_Up_Curve
<LI><a href="#[166]">&gt;&gt;</a>&nbsp;&nbsp;&nbsp;Start_Left_Up_Curve
<LI><a href="#[165]">&gt;&gt;</a>&nbsp;&nbsp;&nbsp;Start_Left_Down_Curve
<LI><a href="#[164]">&gt;&gt;</a>&nbsp;&nbsp;&nbsp;Start_Circle_or_Ellipse_Fill
<LI><a href="#[163]">&gt;&gt;</a>&nbsp;&nbsp;&nbsp;Start_Circle_or_Ellipse
<LI><a href="#[162]">&gt;&gt;</a>&nbsp;&nbsp;&nbsp;Square_End_XY
<LI><a href="#[161]">&gt;&gt;</a>&nbsp;&nbsp;&nbsp;Square_Start_XY
<LI><a href="#[160]">&gt;&gt;</a>&nbsp;&nbsp;&nbsp;Triangle_Point3_XY
<LI><a href="#[15f]">&gt;&gt;</a>&nbsp;&nbsp;&nbsp;Triangle_Point2_XY
<LI><a href="#[15e]">&gt;&gt;</a>&nbsp;&nbsp;&nbsp;Triangle_Point1_XY
<LI><a href="#[15d]">&gt;&gt;</a>&nbsp;&nbsp;&nbsp;Line_End_XY
<LI><a href="#[15c]">&gt;&gt;</a>&nbsp;&nbsp;&nbsp;Line_Start_XY
<LI><a href="#[15b]">&gt;&gt;</a>&nbsp;&nbsp;&nbsp;Start_Triangle_Fill
<LI><a href="#[15a]">&gt;&gt;</a>&nbsp;&nbsp;&nbsp;Start_Triangle
<LI><a href="#[159]">&gt;&gt;</a>&nbsp;&nbsp;&nbsp;Start_Line
<LI><a href="#[155]">&gt;&gt;</a>&nbsp;&nbsp;&nbsp;Memory_24bpp_Mode
<LI><a href="#[154]">&gt;&gt;</a>&nbsp;&nbsp;&nbsp;Memory_16bpp_Mode
<LI><a href="#[153]">&gt;&gt;</a>&nbsp;&nbsp;&nbsp;Memory_8bpp_Mode
<LI><a href="#[152]">&gt;&gt;</a>&nbsp;&nbsp;&nbsp;Memory_Linear_Mode
<LI><a href="#[151]">&gt;&gt;</a>&nbsp;&nbsp;&nbsp;Memory_XY_Mode
<LI><a href="#[150]">&gt;&gt;</a>&nbsp;&nbsp;&nbsp;Select_Read_Data_Position
<LI><a href="#[14f]">&gt;&gt;</a>&nbsp;&nbsp;&nbsp;Select_Write_Data_Position
<LI><a href="#[14b]">&gt;&gt;</a>&nbsp;&nbsp;&nbsp;Text_Cursor_H_V
<LI><a href="#[14a]">&gt;&gt;</a>&nbsp;&nbsp;&nbsp;Blinking_Time_Frames
<LI><a href="#[149]">&gt;&gt;</a>&nbsp;&nbsp;&nbsp;Disable_Text_Cursor_Blinking
<LI><a href="#[148]">&gt;&gt;</a>&nbsp;&nbsp;&nbsp;Enable_Text_Cursor_Blinking
<LI><a href="#[147]">&gt;&gt;</a>&nbsp;&nbsp;&nbsp;Disable_Text_Cursor
<LI><a href="#[146]">&gt;&gt;</a>&nbsp;&nbsp;&nbsp;Enable_Text_Cursor
<LI><a href="#[145]">&gt;&gt;</a>&nbsp;&nbsp;&nbsp;Select_Graphic_Cursor_4
<LI><a href="#[144]">&gt;&gt;</a>&nbsp;&nbsp;&nbsp;Select_Graphic_Cursor_3
<LI><a href="#[143]">&gt;&gt;</a>&nbsp;&nbsp;&nbsp;Select_Graphic_Cursor_2
<LI><a href="#[142]">&gt;&gt;</a>&nbsp;&nbsp;&nbsp;Select_Graphic_Cursor_1
<LI><a href="#[141]">&gt;&gt;</a>&nbsp;&nbsp;&nbsp;Disable_Graphic_Cursor
<LI><a href="#[140]">&gt;&gt;</a>&nbsp;&nbsp;&nbsp;Enable_Graphic_Cursor
<LI><a href="#[13a]">&gt;&gt;</a>&nbsp;&nbsp;&nbsp;LCD_VSYNC_Pulse_Width
<LI><a href="#[139]">&gt;&gt;</a>&nbsp;&nbsp;&nbsp;LCD_VSYNC_Start_Position
<LI><a href="#[138]">&gt;&gt;</a>&nbsp;&nbsp;&nbsp;LCD_Vertical_Non_Display
<LI><a href="#[137]">&gt;&gt;</a>&nbsp;&nbsp;&nbsp;LCD_HSYNC_Pulse_Width
<LI><a href="#[136]">&gt;&gt;</a>&nbsp;&nbsp;&nbsp;LCD_HSYNC_Start_Position
<LI><a href="#[135]">&gt;&gt;</a>&nbsp;&nbsp;&nbsp;LCD_Horizontal_Non_Display
<LI><a href="#[134]">&gt;&gt;</a>&nbsp;&nbsp;&nbsp;LCD_HorizontalWidth_VerticalHeight
<LI><a href="#[133]">&gt;&gt;</a>&nbsp;&nbsp;&nbsp;Idle_VSYNC_High
<LI><a href="#[132]">&gt;&gt;</a>&nbsp;&nbsp;&nbsp;Idle_VSYNC_Low
<LI><a href="#[131]">&gt;&gt;</a>&nbsp;&nbsp;&nbsp;Idle_HSYNC_High
<LI><a href="#[130]">&gt;&gt;</a>&nbsp;&nbsp;&nbsp;Idle_HSYNC_Low
<LI><a href="#[12f]">&gt;&gt;</a>&nbsp;&nbsp;&nbsp;Idle_PDAT_High
<LI><a href="#[12e]">&gt;&gt;</a>&nbsp;&nbsp;&nbsp;Idle_PDAT_Low
<LI><a href="#[12d]">&gt;&gt;</a>&nbsp;&nbsp;&nbsp;Idle_PCLK_High
<LI><a href="#[12c]">&gt;&gt;</a>&nbsp;&nbsp;&nbsp;Idle_PCLK_Low
<LI><a href="#[12b]">&gt;&gt;</a>&nbsp;&nbsp;&nbsp;Idle_DE_High
<LI><a href="#[12a]">&gt;&gt;</a>&nbsp;&nbsp;&nbsp;Idle_DE_Low
<LI><a href="#[129]">&gt;&gt;</a>&nbsp;&nbsp;&nbsp;DE_High_Active
<LI><a href="#[128]">&gt;&gt;</a>&nbsp;&nbsp;&nbsp;DE_Low_Active
<LI><a href="#[127]">&gt;&gt;</a>&nbsp;&nbsp;&nbsp;VSYNC_High_Active
<LI><a href="#[126]">&gt;&gt;</a>&nbsp;&nbsp;&nbsp;VSYNC_Low_Active
<LI><a href="#[125]">&gt;&gt;</a>&nbsp;&nbsp;&nbsp;HSYNC_High_Active
<LI><a href="#[124]">&gt;&gt;</a>&nbsp;&nbsp;&nbsp;HSYNC_Low_Active
<LI><a href="#[123]">&gt;&gt;</a>&nbsp;&nbsp;&nbsp;PDATA_IDLE_STATE
<LI><a href="#[122]">&gt;&gt;</a>&nbsp;&nbsp;&nbsp;PDATA_Set_BGR
<LI><a href="#[121]">&gt;&gt;</a>&nbsp;&nbsp;&nbsp;PDATA_Set_BRG
<LI><a href="#[120]">&gt;&gt;</a>&nbsp;&nbsp;&nbsp;PDATA_Set_GBR
<LI><a href="#[11f]">&gt;&gt;</a>&nbsp;&nbsp;&nbsp;PDATA_Set_GRB
<LI><a href="#[11e]">&gt;&gt;</a>&nbsp;&nbsp;&nbsp;PDATA_Set_RBG
<LI><a href="#[11d]">&gt;&gt;</a>&nbsp;&nbsp;&nbsp;PDATA_Set_RGB
<LI><a href="#[11c]">&gt;&gt;</a>&nbsp;&nbsp;&nbsp;VSCAN_B_to_T
<LI><a href="#[11b]">&gt;&gt;</a>&nbsp;&nbsp;&nbsp;VSCAN_T_to_B
<LI><a href="#[11a]">&gt;&gt;</a>&nbsp;&nbsp;&nbsp;HSCAN_R_to_L
<LI><a href="#[119]">&gt;&gt;</a>&nbsp;&nbsp;&nbsp;HSCAN_L_to_R
<LI><a href="#[118]">&gt;&gt;</a>&nbsp;&nbsp;&nbsp;Color_Bar_OFF
<LI><a href="#[117]">&gt;&gt;</a>&nbsp;&nbsp;&nbsp;Color_Bar_ON
<LI><a href="#[116]">&gt;&gt;</a>&nbsp;&nbsp;&nbsp;Display_OFF
<LI><a href="#[115]">&gt;&gt;</a>&nbsp;&nbsp;&nbsp;PCLK_Falling
<LI><a href="#[114]">&gt;&gt;</a>&nbsp;&nbsp;&nbsp;PCLK_Rising
<LI><a href="#[113]">&gt;&gt;</a>&nbsp;&nbsp;&nbsp;Select_PIP1_Window_24bpp
<LI><a href="#[112]">&gt;&gt;</a>&nbsp;&nbsp;&nbsp;Select_PIP1_Window_16bpp
<LI><a href="#[111]">&gt;&gt;</a>&nbsp;&nbsp;&nbsp;Select_PIP1_Window_8bpp
<LI><a href="#[110]">&gt;&gt;</a>&nbsp;&nbsp;&nbsp;Select_PIP2_Window_24bpp
<LI><a href="#[10f]">&gt;&gt;</a>&nbsp;&nbsp;&nbsp;Select_PIP2_Window_16bpp
<LI><a href="#[10e]">&gt;&gt;</a>&nbsp;&nbsp;&nbsp;Select_PIP2_Window_8bpp
<LI><a href="#[10d]">&gt;&gt;</a>&nbsp;&nbsp;&nbsp;Select_Main_Window_24bpp
<LI><a href="#[10c]">&gt;&gt;</a>&nbsp;&nbsp;&nbsp;Select_Main_Window_8bpp
<LI><a href="#[10b]">&gt;&gt;</a>&nbsp;&nbsp;&nbsp;Select_PIP2_Parameter
<LI><a href="#[10a]">&gt;&gt;</a>&nbsp;&nbsp;&nbsp;Select_PIP1_Parameter
<LI><a href="#[109]">&gt;&gt;</a>&nbsp;&nbsp;&nbsp;Disable_PIP2
<LI><a href="#[108]">&gt;&gt;</a>&nbsp;&nbsp;&nbsp;Enable_PIP2
<LI><a href="#[107]">&gt;&gt;</a>&nbsp;&nbsp;&nbsp;Disable_PIP1
<LI><a href="#[106]">&gt;&gt;</a>&nbsp;&nbsp;&nbsp;Enable_PIP1
<LI><a href="#[105]">&gt;&gt;</a>&nbsp;&nbsp;&nbsp;XPDAT0_Set_KIN1
<LI><a href="#[104]">&gt;&gt;</a>&nbsp;&nbsp;&nbsp;XPDAT0_Set_GPIO_D0
<LI><a href="#[103]">&gt;&gt;</a>&nbsp;&nbsp;&nbsp;XPDAT1_Set_KIN2
<LI><a href="#[102]">&gt;&gt;</a>&nbsp;&nbsp;&nbsp;XPDAT1_Set_GPIO_D1
<LI><a href="#[101]">&gt;&gt;</a>&nbsp;&nbsp;&nbsp;XPDAT2_Set_KIN4
<LI><a href="#[100]">&gt;&gt;</a>&nbsp;&nbsp;&nbsp;XPDAT2_Set_GPIO_D6
<LI><a href="#[ff]">&gt;&gt;</a>&nbsp;&nbsp;&nbsp;XPDAT8_Set_KIN3
<LI><a href="#[fe]">&gt;&gt;</a>&nbsp;&nbsp;&nbsp;XPDAT8_Set_GPIO_D2
<LI><a href="#[fd]">&gt;&gt;</a>&nbsp;&nbsp;&nbsp;XPDAT9_Set_KOUT3
<LI><a href="#[fc]">&gt;&gt;</a>&nbsp;&nbsp;&nbsp;XPDAT9_Set_GPIO_D3
<LI><a href="#[fb]">&gt;&gt;</a>&nbsp;&nbsp;&nbsp;XPDAT16_Set_KOUT1
<LI><a href="#[fa]">&gt;&gt;</a>&nbsp;&nbsp;&nbsp;XPDAT16_Set_GPIO_D4
<LI><a href="#[f9]">&gt;&gt;</a>&nbsp;&nbsp;&nbsp;XPDAT17_Set_KOUT2
<LI><a href="#[f8]">&gt;&gt;</a>&nbsp;&nbsp;&nbsp;XPDAT17_Set_GPIO_D5
<LI><a href="#[f7]">&gt;&gt;</a>&nbsp;&nbsp;&nbsp;XPDAT18_Set_KOUT4
<LI><a href="#[f6]">&gt;&gt;</a>&nbsp;&nbsp;&nbsp;XPDAT18_Set_GPIO_D7
<LI><a href="#[f5]">&gt;&gt;</a>&nbsp;&nbsp;&nbsp;Disable_XDB7_0_PullUp
<LI><a href="#[f4]">&gt;&gt;</a>&nbsp;&nbsp;&nbsp;Disable_XDB15_8_PullUp
<LI><a href="#[f3]">&gt;&gt;</a>&nbsp;&nbsp;&nbsp;Disable_GPIOC_PullUp
<LI><a href="#[f2]">&gt;&gt;</a>&nbsp;&nbsp;&nbsp;Disable_GPIOD_PullUp
<LI><a href="#[f1]">&gt;&gt;</a>&nbsp;&nbsp;&nbsp;Disable_GPIOE_PullUp
<LI><a href="#[f0]">&gt;&gt;</a>&nbsp;&nbsp;&nbsp;Disable_GPIOF_PullUp
<LI><a href="#[ef]">&gt;&gt;</a>&nbsp;&nbsp;&nbsp;Enable_XDB7_0_PullUp
<LI><a href="#[ee]">&gt;&gt;</a>&nbsp;&nbsp;&nbsp;Enable_XDB15_8_PullUp
<LI><a href="#[ed]">&gt;&gt;</a>&nbsp;&nbsp;&nbsp;Enable_GPIOC_PullUp
<LI><a href="#[ec]">&gt;&gt;</a>&nbsp;&nbsp;&nbsp;Enable_GPIOD_PullUp
<LI><a href="#[eb]">&gt;&gt;</a>&nbsp;&nbsp;&nbsp;Enable_GPIOE_PullUp
<LI><a href="#[ea]">&gt;&gt;</a>&nbsp;&nbsp;&nbsp;Enable_GPIOF_PullUp
<LI><a href="#[e9]">&gt;&gt;</a>&nbsp;&nbsp;&nbsp;Enable_PWM0_Interrupt_Flag
<LI><a href="#[e8]">&gt;&gt;</a>&nbsp;&nbsp;&nbsp;Enable_PWM1_Interrupt_Flag
<LI><a href="#[e7]">&gt;&gt;</a>&nbsp;&nbsp;&nbsp;Enable_Draw_BTE_Interrupt_Flag
<LI><a href="#[e6]">&gt;&gt;</a>&nbsp;&nbsp;&nbsp;Enable_KeyScan_Interrupt_Flag
<LI><a href="#[e5]">&gt;&gt;</a>&nbsp;&nbsp;&nbsp;Enable_Vsync_Interrupt_Flag
<LI><a href="#[e4]">&gt;&gt;</a>&nbsp;&nbsp;&nbsp;Enable_I2CM_Interrupt_Flag
<LI><a href="#[e3]">&gt;&gt;</a>&nbsp;&nbsp;&nbsp;Enable_ExtInterrupt_Inpur_Flag
<LI><a href="#[e2]">&gt;&gt;</a>&nbsp;&nbsp;&nbsp;Enable_Resume_Interrupt_Flag
<LI><a href="#[e1]">&gt;&gt;</a>&nbsp;&nbsp;&nbsp;Mask_PWM0_Interrupt_Flag
<LI><a href="#[e0]">&gt;&gt;</a>&nbsp;&nbsp;&nbsp;Mask_PWM1_Interrupt_Flag
<LI><a href="#[df]">&gt;&gt;</a>&nbsp;&nbsp;&nbsp;Mask_Draw_BTE_Interrupt_Flag
<LI><a href="#[de]">&gt;&gt;</a>&nbsp;&nbsp;&nbsp;Mask_KeyScan_Interrupt_Flag
<LI><a href="#[dd]">&gt;&gt;</a>&nbsp;&nbsp;&nbsp;Mask_Vsync_Interrupt_Flag
<LI><a href="#[dc]">&gt;&gt;</a>&nbsp;&nbsp;&nbsp;Mask_I2CM_Interrupt_Flag
<LI><a href="#[db]">&gt;&gt;</a>&nbsp;&nbsp;&nbsp;Mask_ExtInterrupt_Input_Flag
<LI><a href="#[da]">&gt;&gt;</a>&nbsp;&nbsp;&nbsp;Mask_Resume_Interrupt_Flag
<LI><a href="#[d9]">&gt;&gt;</a>&nbsp;&nbsp;&nbsp;Clear_PWM0_Interrupt_Flag
<LI><a href="#[d8]">&gt;&gt;</a>&nbsp;&nbsp;&nbsp;Clear_PWM1_Interrupt_Flag
<LI><a href="#[d7]">&gt;&gt;</a>&nbsp;&nbsp;&nbsp;Clear_Draw_BTE_Interrupt_Flag
<LI><a href="#[d6]">&gt;&gt;</a>&nbsp;&nbsp;&nbsp;Clear_KeyScan_Interrupt_Flag
<LI><a href="#[d5]">&gt;&gt;</a>&nbsp;&nbsp;&nbsp;Clear_Vsync_Interrupt_Flag
<LI><a href="#[d4]">&gt;&gt;</a>&nbsp;&nbsp;&nbsp;Clear_I2CM_Interrupt_Flag
<LI><a href="#[d3]">&gt;&gt;</a>&nbsp;&nbsp;&nbsp;Clear_ExtInterrupt_Input_Flag
<LI><a href="#[d2]">&gt;&gt;</a>&nbsp;&nbsp;&nbsp;Clear_Resume_Interrupt_Flag
<LI><a href="#[d1]">&gt;&gt;</a>&nbsp;&nbsp;&nbsp;Read_Interrupt_status
<LI><a href="#[d0]">&gt;&gt;</a>&nbsp;&nbsp;&nbsp;Disable_PWM0_Interrupt
<LI><a href="#[cf]">&gt;&gt;</a>&nbsp;&nbsp;&nbsp;Enable_PWM0_Interrupt
<LI><a href="#[ce]">&gt;&gt;</a>&nbsp;&nbsp;&nbsp;Disable_PWM1_Interrupt
<LI><a href="#[cd]">&gt;&gt;</a>&nbsp;&nbsp;&nbsp;Enable_PWM1_Interrupt
<LI><a href="#[cc]">&gt;&gt;</a>&nbsp;&nbsp;&nbsp;Disable_DMA_Draw_BTE_Interrupt
<LI><a href="#[cb]">&gt;&gt;</a>&nbsp;&nbsp;&nbsp;Enable_DMA_Draw_BTE_Interrupt
<LI><a href="#[ca]">&gt;&gt;</a>&nbsp;&nbsp;&nbsp;Disable_KeyScan_Interrupt
<LI><a href="#[c9]">&gt;&gt;</a>&nbsp;&nbsp;&nbsp;Enable_KeyScan_Interrupt
<LI><a href="#[c8]">&gt;&gt;</a>&nbsp;&nbsp;&nbsp;Disable_Vsync_Interrupt
<LI><a href="#[c7]">&gt;&gt;</a>&nbsp;&nbsp;&nbsp;Enable_Vsync_Interrupt
<LI><a href="#[c6]">&gt;&gt;</a>&nbsp;&nbsp;&nbsp;Disable_I2CM_Interrupt
<LI><a href="#[c5]">&gt;&gt;</a>&nbsp;&nbsp;&nbsp;Enable_I2CM_Interrupt
<LI><a href="#[c4]">&gt;&gt;</a>&nbsp;&nbsp;&nbsp;Disable_ExtInterrupt_Input
<LI><a href="#[c3]">&gt;&gt;</a>&nbsp;&nbsp;&nbsp;Enable_ExtInterrupt_Input
<LI><a href="#[c2]">&gt;&gt;</a>&nbsp;&nbsp;&nbsp;Disable_Resume_Interrupt
<LI><a href="#[c1]">&gt;&gt;</a>&nbsp;&nbsp;&nbsp;Enable_Resume_Interrupt
<LI><a href="#[c0]">&gt;&gt;</a>&nbsp;&nbsp;&nbsp;Memory_Select_Color_Palette_RAM
<LI><a href="#[bf]">&gt;&gt;</a>&nbsp;&nbsp;&nbsp;Memory_Select_Graphic_Cursor_RAM
<LI><a href="#[be]">&gt;&gt;</a>&nbsp;&nbsp;&nbsp;Memory_Select_SDRAM
<LI><a href="#[bd]">&gt;&gt;</a>&nbsp;&nbsp;&nbsp;Text_Mode
<LI><a href="#[bc]">&gt;&gt;</a>&nbsp;&nbsp;&nbsp;Graphic_Mode
<LI><a href="#[bb]">&gt;&gt;</a>&nbsp;&nbsp;&nbsp;LVDS_Format2
<LI><a href="#[ba]">&gt;&gt;</a>&nbsp;&nbsp;&nbsp;LVDS_Format1
<LI><a href="#[b9]">&gt;&gt;</a>&nbsp;&nbsp;&nbsp;ExtInterrupt_Input_Rising_Edge_Trigger
<LI><a href="#[b8]">&gt;&gt;</a>&nbsp;&nbsp;&nbsp;ExtInterrupt_Input_Falling_Edge_Trigger
<LI><a href="#[b7]">&gt;&gt;</a>&nbsp;&nbsp;&nbsp;ExtInterrupt_Input_High_Level_Trigger
<LI><a href="#[b6]">&gt;&gt;</a>&nbsp;&nbsp;&nbsp;ExtInterrupt_Input_Low_Level_Trigger
<LI><a href="#[b5]">&gt;&gt;</a>&nbsp;&nbsp;&nbsp;ExtInterrupt_Nodebounce
<LI><a href="#[b4]">&gt;&gt;</a>&nbsp;&nbsp;&nbsp;ExtInterrupt_Debounce
<LI><a href="#[b3]">&gt;&gt;</a>&nbsp;&nbsp;&nbsp;Interrupt_Active_High
<LI><a href="#[b2]">&gt;&gt;</a>&nbsp;&nbsp;&nbsp;Interrupt_Active_Low
<LI><a href="#[b1]">&gt;&gt;</a>&nbsp;&nbsp;&nbsp;MemWrite_Down_Top_Left_Right
<LI><a href="#[b0]">&gt;&gt;</a>&nbsp;&nbsp;&nbsp;MemWrite_Top_Down_Left_Right
<LI><a href="#[af]">&gt;&gt;</a>&nbsp;&nbsp;&nbsp;MemWrite_Right_Left_Top_Down
<LI><a href="#[ae]">&gt;&gt;</a>&nbsp;&nbsp;&nbsp;MemWrite_Left_Right_Top_Down
<LI><a href="#[ad]">&gt;&gt;</a>&nbsp;&nbsp;&nbsp;MemRead_Down_Top_Left_Right
<LI><a href="#[ac]">&gt;&gt;</a>&nbsp;&nbsp;&nbsp;MemRead_Top_Down_Left_Right
<LI><a href="#[ab]">&gt;&gt;</a>&nbsp;&nbsp;&nbsp;MemRead_Right_Left_Top_Down
<LI><a href="#[aa]">&gt;&gt;</a>&nbsp;&nbsp;&nbsp;MemRead_Left_Right_Top_Down
<LI><a href="#[a9]">&gt;&gt;</a>&nbsp;&nbsp;&nbsp;RGB_16b_24bpp_mode2
<LI><a href="#[a8]">&gt;&gt;</a>&nbsp;&nbsp;&nbsp;RGB_16b_24bpp_mode1
<LI><a href="#[a7]">&gt;&gt;</a>&nbsp;&nbsp;&nbsp;RGB_16b_16bpp
<LI><a href="#[a6]">&gt;&gt;</a>&nbsp;&nbsp;&nbsp;RGB_16b_8bpp
<LI><a href="#[a5]">&gt;&gt;</a>&nbsp;&nbsp;&nbsp;RGB_8b_24bpp
<LI><a href="#[a4]">&gt;&gt;</a>&nbsp;&nbsp;&nbsp;RGB_8b_16bpp
<LI><a href="#[a3]">&gt;&gt;</a>&nbsp;&nbsp;&nbsp;RGB_8b_8bpp
<LI><a href="#[a2]">&gt;&gt;</a>&nbsp;&nbsp;&nbsp;Host_Bus_16bit
<LI><a href="#[a1]">&gt;&gt;</a>&nbsp;&nbsp;&nbsp;Host_Bus_8bit
<LI><a href="#[a0]">&gt;&gt;</a>&nbsp;&nbsp;&nbsp;LT738_I2CM_Disable
<LI><a href="#[9f]">&gt;&gt;</a>&nbsp;&nbsp;&nbsp;LT738_I2CM_Enable
<LI><a href="#[9e]">&gt;&gt;</a>&nbsp;&nbsp;&nbsp;TFT_LVDS
<LI><a href="#[9d]">&gt;&gt;</a>&nbsp;&nbsp;&nbsp;TFT_16bit
<LI><a href="#[9c]">&gt;&gt;</a>&nbsp;&nbsp;&nbsp;TFT_18bit
<LI><a href="#[9b]">&gt;&gt;</a>&nbsp;&nbsp;&nbsp;TFT_24bit
<LI><a href="#[9a]">&gt;&gt;</a>&nbsp;&nbsp;&nbsp;Key_Scan_Disable
<LI><a href="#[99]">&gt;&gt;</a>&nbsp;&nbsp;&nbsp;Key_Scan_Enable
<LI><a href="#[98]">&gt;&gt;</a>&nbsp;&nbsp;&nbsp;LT738_WakeUp
<LI><a href="#[97]">&gt;&gt;</a>&nbsp;&nbsp;&nbsp;LT738_Sleep
<LI><a href="#[95]">&gt;&gt;</a>&nbsp;&nbsp;&nbsp;Enable_PLL
<LI><a href="#[94]">&gt;&gt;</a>&nbsp;&nbsp;&nbsp;LT738_SW_Reset
<LI><a href="#[87]">&gt;&gt;</a>&nbsp;&nbsp;&nbsp;LCD_RegisterRead
<LI><a href="#[86]">&gt;&gt;</a>&nbsp;&nbsp;&nbsp;LCD_RegisterWrite
<LI><a href="#[56]">&gt;&gt;</a>&nbsp;&nbsp;&nbsp;Select_Main_Window_16bpp
<LI><a href="#[55]">&gt;&gt;</a>&nbsp;&nbsp;&nbsp;Display_ON
</UL>

<P><STRONG><a name="[6d]"></a>LCD_DataWrite</STRONG> (Thumb, 12 bytes, Stack size 4 bytes, if_port.o(.text))
<BR><BR>[Stack]<UL><LI>Max Depth = 4<LI>Call Chain = LCD_DataWrite
</UL>
<BR>[Calls]<UL><LI><a href="#[6e]">&gt;&gt;</a>&nbsp;&nbsp;&nbsp;FMSC_16_DataWrite
</UL>
<BR>[Called By]<UL><LI><a href="#[220]">&gt;&gt;</a>&nbsp;&nbsp;&nbsp;LT738_PLL_Initial
<LI><a href="#[21f]">&gt;&gt;</a>&nbsp;&nbsp;&nbsp;System_Check_Temp
<LI><a href="#[219]">&gt;&gt;</a>&nbsp;&nbsp;&nbsp;Start_SFI_DMA
<LI><a href="#[218]">&gt;&gt;</a>&nbsp;&nbsp;&nbsp;SFI_DMA_Source_Start_Address
<LI><a href="#[217]">&gt;&gt;</a>&nbsp;&nbsp;&nbsp;SFI_DMA_Source_Width
<LI><a href="#[216]">&gt;&gt;</a>&nbsp;&nbsp;&nbsp;SFI_DMA_Transfer_Width_Height
<LI><a href="#[215]">&gt;&gt;</a>&nbsp;&nbsp;&nbsp;SFI_DMA_Destination_Upper_Left_Corner
<LI><a href="#[214]">&gt;&gt;</a>&nbsp;&nbsp;&nbsp;SPI_Clock_Period
<LI><a href="#[213]">&gt;&gt;</a>&nbsp;&nbsp;&nbsp;Select_SFI_DMA_Mode
<LI><a href="#[212]">&gt;&gt;</a>&nbsp;&nbsp;&nbsp;Select_SFI_1
<LI><a href="#[211]">&gt;&gt;</a>&nbsp;&nbsp;&nbsp;Select_SFI_0
<LI><a href="#[210]">&gt;&gt;</a>&nbsp;&nbsp;&nbsp;Enable_SFlash_SPI
<LI><a href="#[20f]">&gt;&gt;</a>&nbsp;&nbsp;&nbsp;Show_picture
<LI><a href="#[20e]">&gt;&gt;</a>&nbsp;&nbsp;&nbsp;Show_String
<LI><a href="#[209]">&gt;&gt;</a>&nbsp;&nbsp;&nbsp;Long_Key_Timing_Adjustment
<LI><a href="#[208]">&gt;&gt;</a>&nbsp;&nbsp;&nbsp;Key_Scan_Wakeup_Function_Enable
<LI><a href="#[207]">&gt;&gt;</a>&nbsp;&nbsp;&nbsp;Key_Scan_Freg
<LI><a href="#[206]">&gt;&gt;</a>&nbsp;&nbsp;&nbsp;Long_Key_enable
<LI><a href="#[204]">&gt;&gt;</a>&nbsp;&nbsp;&nbsp;Write_GPIO_F_7_0
<LI><a href="#[203]">&gt;&gt;</a>&nbsp;&nbsp;&nbsp;Set_GPIO_F_In_Out
<LI><a href="#[201]">&gt;&gt;</a>&nbsp;&nbsp;&nbsp;Write_GPIO_E_7_0
<LI><a href="#[200]">&gt;&gt;</a>&nbsp;&nbsp;&nbsp;Set_GPIO_E_In_Out
<LI><a href="#[1fe]">&gt;&gt;</a>&nbsp;&nbsp;&nbsp;Write_GPIO_D_7_0
<LI><a href="#[1fd]">&gt;&gt;</a>&nbsp;&nbsp;&nbsp;Set_GPIO_D_In_Out
<LI><a href="#[1fb]">&gt;&gt;</a>&nbsp;&nbsp;&nbsp;Write_GPIO_C_7_0
<LI><a href="#[1fa]">&gt;&gt;</a>&nbsp;&nbsp;&nbsp;Set_GPIO_C_In_Out
<LI><a href="#[1f8]">&gt;&gt;</a>&nbsp;&nbsp;&nbsp;Write_GPIO_B_7_4
<LI><a href="#[1f6]">&gt;&gt;</a>&nbsp;&nbsp;&nbsp;Write_GPIO_A_7_0
<LI><a href="#[1f5]">&gt;&gt;</a>&nbsp;&nbsp;&nbsp;Set_GPIO_A_In_Out
<LI><a href="#[1f0]">&gt;&gt;</a>&nbsp;&nbsp;&nbsp;LT738_I2CM_Write
<LI><a href="#[1ef]">&gt;&gt;</a>&nbsp;&nbsp;&nbsp;LT738_I2CM_Write_With_Start
<LI><a href="#[1ee]">&gt;&gt;</a>&nbsp;&nbsp;&nbsp;LT738_I2CM_Read_With_Nack
<LI><a href="#[1ed]">&gt;&gt;</a>&nbsp;&nbsp;&nbsp;LT738_I2CM_Read_With_Ack
<LI><a href="#[1ec]">&gt;&gt;</a>&nbsp;&nbsp;&nbsp;LT738_I2CM_Stop
<LI><a href="#[1ea]">&gt;&gt;</a>&nbsp;&nbsp;&nbsp;LT738_I2CM_Transmit_Data
<LI><a href="#[1e9]">&gt;&gt;</a>&nbsp;&nbsp;&nbsp;LT738_I2CM_Clock_Prescale
<LI><a href="#[1e8]">&gt;&gt;</a>&nbsp;&nbsp;&nbsp;Power_Saving_Sleep_Mode
<LI><a href="#[1e7]">&gt;&gt;</a>&nbsp;&nbsp;&nbsp;Power_Saving_Suspend_Mode
<LI><a href="#[1e6]">&gt;&gt;</a>&nbsp;&nbsp;&nbsp;Power_Saving_Standby_Mode
<LI><a href="#[1e5]">&gt;&gt;</a>&nbsp;&nbsp;&nbsp;Power_Normal_Mode
<LI><a href="#[1e4]">&gt;&gt;</a>&nbsp;&nbsp;&nbsp;CGRAM_Start_address
<LI><a href="#[1e3]">&gt;&gt;</a>&nbsp;&nbsp;&nbsp;Background_color_16M
<LI><a href="#[1e2]">&gt;&gt;</a>&nbsp;&nbsp;&nbsp;Background_color_65k
<LI><a href="#[1e1]">&gt;&gt;</a>&nbsp;&nbsp;&nbsp;Background_color_256
<LI><a href="#[1e0]">&gt;&gt;</a>&nbsp;&nbsp;&nbsp;Background_RGB
<LI><a href="#[1df]">&gt;&gt;</a>&nbsp;&nbsp;&nbsp;Foreground_color_16M
<LI><a href="#[1de]">&gt;&gt;</a>&nbsp;&nbsp;&nbsp;Foreground_color_65k
<LI><a href="#[1dd]">&gt;&gt;</a>&nbsp;&nbsp;&nbsp;Foreground_color_256
<LI><a href="#[1dc]">&gt;&gt;</a>&nbsp;&nbsp;&nbsp;Foreground_RGB
<LI><a href="#[1db]">&gt;&gt;</a>&nbsp;&nbsp;&nbsp;Set_Font_to_Font_Width
<LI><a href="#[1da]">&gt;&gt;</a>&nbsp;&nbsp;&nbsp;Font_Line_Distance
<LI><a href="#[1d9]">&gt;&gt;</a>&nbsp;&nbsp;&nbsp;Set_GTFont_Decoder
<LI><a href="#[1d8]">&gt;&gt;</a>&nbsp;&nbsp;&nbsp;GTFont_Select_GT22L16A1Y
<LI><a href="#[1d7]">&gt;&gt;</a>&nbsp;&nbsp;&nbsp;GTFont_Select_GT21L24S1W
<LI><a href="#[1d6]">&gt;&gt;</a>&nbsp;&nbsp;&nbsp;GTFont_Select_GT20L24F6Y
<LI><a href="#[1d5]">&gt;&gt;</a>&nbsp;&nbsp;&nbsp;GTFont_Select_GT23L32S4W_GT23H32S4W
<LI><a href="#[1d4]">&gt;&gt;</a>&nbsp;&nbsp;&nbsp;GTFont_Select_GT23L24M1Z
<LI><a href="#[1d3]">&gt;&gt;</a>&nbsp;&nbsp;&nbsp;GTFont_Select_GT23L24T3Y_GT23H24T3Y
<LI><a href="#[1d2]">&gt;&gt;</a>&nbsp;&nbsp;&nbsp;GTFont_Select_GT23L16U2W
<LI><a href="#[1d1]">&gt;&gt;</a>&nbsp;&nbsp;&nbsp;GTFont_Select_GT21L16TW_GT21H16T1W
<LI><a href="#[1d0]">&gt;&gt;</a>&nbsp;&nbsp;&nbsp;Font_Height_X4
<LI><a href="#[1cf]">&gt;&gt;</a>&nbsp;&nbsp;&nbsp;Font_Height_X3
<LI><a href="#[1ce]">&gt;&gt;</a>&nbsp;&nbsp;&nbsp;Font_Height_X2
<LI><a href="#[1cd]">&gt;&gt;</a>&nbsp;&nbsp;&nbsp;Font_Height_X1
<LI><a href="#[1cc]">&gt;&gt;</a>&nbsp;&nbsp;&nbsp;Font_Width_X4
<LI><a href="#[1cb]">&gt;&gt;</a>&nbsp;&nbsp;&nbsp;Font_Width_X3
<LI><a href="#[1ca]">&gt;&gt;</a>&nbsp;&nbsp;&nbsp;Font_Width_X2
<LI><a href="#[1c9]">&gt;&gt;</a>&nbsp;&nbsp;&nbsp;Font_Width_X1
<LI><a href="#[1c8]">&gt;&gt;</a>&nbsp;&nbsp;&nbsp;Font_90_degree
<LI><a href="#[1c7]">&gt;&gt;</a>&nbsp;&nbsp;&nbsp;Font_0_degree
<LI><a href="#[1c6]">&gt;&gt;</a>&nbsp;&nbsp;&nbsp;Font_Background_select_Color
<LI><a href="#[1c5]">&gt;&gt;</a>&nbsp;&nbsp;&nbsp;Font_Background_select_Transparency
<LI><a href="#[1c4]">&gt;&gt;</a>&nbsp;&nbsp;&nbsp;Disable_Font_Alignment
<LI><a href="#[1c3]">&gt;&gt;</a>&nbsp;&nbsp;&nbsp;Enable_Font_Alignment
<LI><a href="#[1c2]">&gt;&gt;</a>&nbsp;&nbsp;&nbsp;Internal_CGROM_Select_ISOIEC8859_4
<LI><a href="#[1c1]">&gt;&gt;</a>&nbsp;&nbsp;&nbsp;Internal_CGROM_Select_ISOIEC8859_3
<LI><a href="#[1c0]">&gt;&gt;</a>&nbsp;&nbsp;&nbsp;Internal_CGROM_Select_ISOIEC8859_2
<LI><a href="#[1bf]">&gt;&gt;</a>&nbsp;&nbsp;&nbsp;Internal_CGROM_Select_ISOIEC8859_1
<LI><a href="#[1be]">&gt;&gt;</a>&nbsp;&nbsp;&nbsp;Font_Select_16x32_32x32
<LI><a href="#[1bd]">&gt;&gt;</a>&nbsp;&nbsp;&nbsp;Font_Select_12x24_24x24
<LI><a href="#[1bc]">&gt;&gt;</a>&nbsp;&nbsp;&nbsp;Font_Select_8x16_16x16
<LI><a href="#[1bb]">&gt;&gt;</a>&nbsp;&nbsp;&nbsp;CGROM_Select_Genitop_FontROM
<LI><a href="#[1ba]">&gt;&gt;</a>&nbsp;&nbsp;&nbsp;CGROM_Select_Internal_CGROM
<LI><a href="#[1b9]">&gt;&gt;</a>&nbsp;&nbsp;&nbsp;Font_Select_UserDefine_Mode
<LI><a href="#[1b8]">&gt;&gt;</a>&nbsp;&nbsp;&nbsp;BTE_Alpha_Blending_Effect
<LI><a href="#[1b1]">&gt;&gt;</a>&nbsp;&nbsp;&nbsp;S1_Constant_color_16M
<LI><a href="#[1b0]">&gt;&gt;</a>&nbsp;&nbsp;&nbsp;S1_Constant_color_65k
<LI><a href="#[1af]">&gt;&gt;</a>&nbsp;&nbsp;&nbsp;S1_Constant_color_256
<LI><a href="#[1aa]">&gt;&gt;</a>&nbsp;&nbsp;&nbsp;BTE_Destination_Color_24bpp
<LI><a href="#[1a9]">&gt;&gt;</a>&nbsp;&nbsp;&nbsp;BTE_Destination_Color_16bpp
<LI><a href="#[1a8]">&gt;&gt;</a>&nbsp;&nbsp;&nbsp;BTE_Destination_Color_8bpp
<LI><a href="#[1a7]">&gt;&gt;</a>&nbsp;&nbsp;&nbsp;BTE_S1_Color_16bit_Alpha
<LI><a href="#[1a6]">&gt;&gt;</a>&nbsp;&nbsp;&nbsp;BTE_S1_Color_8bit_Alpha
<LI><a href="#[1a5]">&gt;&gt;</a>&nbsp;&nbsp;&nbsp;BTE_S1_Color_Constant
<LI><a href="#[1a4]">&gt;&gt;</a>&nbsp;&nbsp;&nbsp;BTE_S1_Color_24bpp
<LI><a href="#[1a3]">&gt;&gt;</a>&nbsp;&nbsp;&nbsp;BTE_S1_Color_16bpp
<LI><a href="#[1a2]">&gt;&gt;</a>&nbsp;&nbsp;&nbsp;BTE_S1_Color_8bpp
<LI><a href="#[1a1]">&gt;&gt;</a>&nbsp;&nbsp;&nbsp;BTE_S0_Color_24bpp
<LI><a href="#[1a0]">&gt;&gt;</a>&nbsp;&nbsp;&nbsp;BTE_S0_Color_16bpp
<LI><a href="#[19f]">&gt;&gt;</a>&nbsp;&nbsp;&nbsp;BTE_S0_Color_8bpp
<LI><a href="#[19e]">&gt;&gt;</a>&nbsp;&nbsp;&nbsp;BTE_Operation_Code
<LI><a href="#[19d]">&gt;&gt;</a>&nbsp;&nbsp;&nbsp;BTE_ROP_Code
<LI><a href="#[19c]">&gt;&gt;</a>&nbsp;&nbsp;&nbsp;Pattern_Format_16X16
<LI><a href="#[19b]">&gt;&gt;</a>&nbsp;&nbsp;&nbsp;Pattern_Format_8X8
<LI><a href="#[199]">&gt;&gt;</a>&nbsp;&nbsp;&nbsp;BTE_Disable
<LI><a href="#[198]">&gt;&gt;</a>&nbsp;&nbsp;&nbsp;BTE_Enable
<LI><a href="#[197]">&gt;&gt;</a>&nbsp;&nbsp;&nbsp;Set_Timer1_Count_Buffer
<LI><a href="#[196]">&gt;&gt;</a>&nbsp;&nbsp;&nbsp;Set_Timer1_Compare_Buffer
<LI><a href="#[195]">&gt;&gt;</a>&nbsp;&nbsp;&nbsp;Set_Timer0_Count_Buffer
<LI><a href="#[194]">&gt;&gt;</a>&nbsp;&nbsp;&nbsp;Set_Timer0_Compare_Buffer
<LI><a href="#[193]">&gt;&gt;</a>&nbsp;&nbsp;&nbsp;Set_Timer0_Dead_Zone_Length
<LI><a href="#[192]">&gt;&gt;</a>&nbsp;&nbsp;&nbsp;Stop_PWM0
<LI><a href="#[191]">&gt;&gt;</a>&nbsp;&nbsp;&nbsp;Start_PWM0
<LI><a href="#[190]">&gt;&gt;</a>&nbsp;&nbsp;&nbsp;One_Shot_PWM0
<LI><a href="#[18f]">&gt;&gt;</a>&nbsp;&nbsp;&nbsp;Auto_Reload_PWM0
<LI><a href="#[18e]">&gt;&gt;</a>&nbsp;&nbsp;&nbsp;Disable_PWM0_Inverter
<LI><a href="#[18d]">&gt;&gt;</a>&nbsp;&nbsp;&nbsp;Enable_PWM0_Inverter
<LI><a href="#[18c]">&gt;&gt;</a>&nbsp;&nbsp;&nbsp;Disable_PWM0_Dead_Zone
<LI><a href="#[18b]">&gt;&gt;</a>&nbsp;&nbsp;&nbsp;Enable_PWM0_Dead_Zone
<LI><a href="#[18a]">&gt;&gt;</a>&nbsp;&nbsp;&nbsp;Stop_PWM1
<LI><a href="#[189]">&gt;&gt;</a>&nbsp;&nbsp;&nbsp;Start_PWM1
<LI><a href="#[188]">&gt;&gt;</a>&nbsp;&nbsp;&nbsp;One_Shot_PWM1
<LI><a href="#[187]">&gt;&gt;</a>&nbsp;&nbsp;&nbsp;Auto_Reload_PWM1
<LI><a href="#[186]">&gt;&gt;</a>&nbsp;&nbsp;&nbsp;Disable_PWM1_Inverter
<LI><a href="#[185]">&gt;&gt;</a>&nbsp;&nbsp;&nbsp;Enable_PWM1_Inverter
<LI><a href="#[184]">&gt;&gt;</a>&nbsp;&nbsp;&nbsp;Select_PWM0_is_Core_Clock
<LI><a href="#[183]">&gt;&gt;</a>&nbsp;&nbsp;&nbsp;Select_PWM0
<LI><a href="#[182]">&gt;&gt;</a>&nbsp;&nbsp;&nbsp;Select_PWM0_is_GPIO_C7
<LI><a href="#[181]">&gt;&gt;</a>&nbsp;&nbsp;&nbsp;Select_PWM1_is_Osc_Clock
<LI><a href="#[180]">&gt;&gt;</a>&nbsp;&nbsp;&nbsp;Select_PWM1
<LI><a href="#[17f]">&gt;&gt;</a>&nbsp;&nbsp;&nbsp;Select_PWM1_is_ErrorFlag
<LI><a href="#[17e]">&gt;&gt;</a>&nbsp;&nbsp;&nbsp;Select_PWM0_Clock_Divided_By_8
<LI><a href="#[17d]">&gt;&gt;</a>&nbsp;&nbsp;&nbsp;Select_PWM0_Clock_Divided_By_4
<LI><a href="#[17c]">&gt;&gt;</a>&nbsp;&nbsp;&nbsp;Select_PWM0_Clock_Divided_By_2
<LI><a href="#[17b]">&gt;&gt;</a>&nbsp;&nbsp;&nbsp;Select_PWM0_Clock_Divided_By_1
<LI><a href="#[17a]">&gt;&gt;</a>&nbsp;&nbsp;&nbsp;Select_PWM1_Clock_Divided_By_8
<LI><a href="#[179]">&gt;&gt;</a>&nbsp;&nbsp;&nbsp;Select_PWM1_Clock_Divided_By_4
<LI><a href="#[178]">&gt;&gt;</a>&nbsp;&nbsp;&nbsp;Select_PWM1_Clock_Divided_By_2
<LI><a href="#[177]">&gt;&gt;</a>&nbsp;&nbsp;&nbsp;Select_PWM1_Clock_Divided_By_1
<LI><a href="#[176]">&gt;&gt;</a>&nbsp;&nbsp;&nbsp;Set_PWM_Prescaler_1_to_256
<LI><a href="#[175]">&gt;&gt;</a>&nbsp;&nbsp;&nbsp;Circle_Square_Radius_RxRy
<LI><a href="#[174]">&gt;&gt;</a>&nbsp;&nbsp;&nbsp;Ellipse_Radius_RxRy
<LI><a href="#[173]">&gt;&gt;</a>&nbsp;&nbsp;&nbsp;Circle_Radius_R
<LI><a href="#[172]">&gt;&gt;</a>&nbsp;&nbsp;&nbsp;Ellipse_Center_XY
<LI><a href="#[171]">&gt;&gt;</a>&nbsp;&nbsp;&nbsp;Circle_Center_XY
<LI><a href="#[170]">&gt;&gt;</a>&nbsp;&nbsp;&nbsp;Start_Circle_Square_Fill
<LI><a href="#[16f]">&gt;&gt;</a>&nbsp;&nbsp;&nbsp;Start_Circle_Square
<LI><a href="#[16e]">&gt;&gt;</a>&nbsp;&nbsp;&nbsp;Start_Square_Fill
<LI><a href="#[16d]">&gt;&gt;</a>&nbsp;&nbsp;&nbsp;Start_Square
<LI><a href="#[16c]">&gt;&gt;</a>&nbsp;&nbsp;&nbsp;Start_Right_Down_Curve_Fill
<LI><a href="#[16b]">&gt;&gt;</a>&nbsp;&nbsp;&nbsp;Start_Right_Up_Curve_Fill
<LI><a href="#[16a]">&gt;&gt;</a>&nbsp;&nbsp;&nbsp;Start_Left_Up_Curve_Fill
<LI><a href="#[169]">&gt;&gt;</a>&nbsp;&nbsp;&nbsp;Start_Left_Down_Curve_Fill
<LI><a href="#[168]">&gt;&gt;</a>&nbsp;&nbsp;&nbsp;Start_Right_Down_Curve
<LI><a href="#[167]">&gt;&gt;</a>&nbsp;&nbsp;&nbsp;Start_Right_Up_Curve
<LI><a href="#[166]">&gt;&gt;</a>&nbsp;&nbsp;&nbsp;Start_Left_Up_Curve
<LI><a href="#[165]">&gt;&gt;</a>&nbsp;&nbsp;&nbsp;Start_Left_Down_Curve
<LI><a href="#[164]">&gt;&gt;</a>&nbsp;&nbsp;&nbsp;Start_Circle_or_Ellipse_Fill
<LI><a href="#[163]">&gt;&gt;</a>&nbsp;&nbsp;&nbsp;Start_Circle_or_Ellipse
<LI><a href="#[162]">&gt;&gt;</a>&nbsp;&nbsp;&nbsp;Square_End_XY
<LI><a href="#[161]">&gt;&gt;</a>&nbsp;&nbsp;&nbsp;Square_Start_XY
<LI><a href="#[160]">&gt;&gt;</a>&nbsp;&nbsp;&nbsp;Triangle_Point3_XY
<LI><a href="#[15f]">&gt;&gt;</a>&nbsp;&nbsp;&nbsp;Triangle_Point2_XY
<LI><a href="#[15e]">&gt;&gt;</a>&nbsp;&nbsp;&nbsp;Triangle_Point1_XY
<LI><a href="#[15d]">&gt;&gt;</a>&nbsp;&nbsp;&nbsp;Line_End_XY
<LI><a href="#[15c]">&gt;&gt;</a>&nbsp;&nbsp;&nbsp;Line_Start_XY
<LI><a href="#[15b]">&gt;&gt;</a>&nbsp;&nbsp;&nbsp;Start_Triangle_Fill
<LI><a href="#[15a]">&gt;&gt;</a>&nbsp;&nbsp;&nbsp;Start_Triangle
<LI><a href="#[159]">&gt;&gt;</a>&nbsp;&nbsp;&nbsp;Start_Line
<LI><a href="#[155]">&gt;&gt;</a>&nbsp;&nbsp;&nbsp;Memory_24bpp_Mode
<LI><a href="#[154]">&gt;&gt;</a>&nbsp;&nbsp;&nbsp;Memory_16bpp_Mode
<LI><a href="#[153]">&gt;&gt;</a>&nbsp;&nbsp;&nbsp;Memory_8bpp_Mode
<LI><a href="#[152]">&gt;&gt;</a>&nbsp;&nbsp;&nbsp;Memory_Linear_Mode
<LI><a href="#[151]">&gt;&gt;</a>&nbsp;&nbsp;&nbsp;Memory_XY_Mode
<LI><a href="#[150]">&gt;&gt;</a>&nbsp;&nbsp;&nbsp;Select_Read_Data_Position
<LI><a href="#[14f]">&gt;&gt;</a>&nbsp;&nbsp;&nbsp;Select_Write_Data_Position
<LI><a href="#[14b]">&gt;&gt;</a>&nbsp;&nbsp;&nbsp;Text_Cursor_H_V
<LI><a href="#[14a]">&gt;&gt;</a>&nbsp;&nbsp;&nbsp;Blinking_Time_Frames
<LI><a href="#[149]">&gt;&gt;</a>&nbsp;&nbsp;&nbsp;Disable_Text_Cursor_Blinking
<LI><a href="#[148]">&gt;&gt;</a>&nbsp;&nbsp;&nbsp;Enable_Text_Cursor_Blinking
<LI><a href="#[147]">&gt;&gt;</a>&nbsp;&nbsp;&nbsp;Disable_Text_Cursor
<LI><a href="#[146]">&gt;&gt;</a>&nbsp;&nbsp;&nbsp;Enable_Text_Cursor
<LI><a href="#[145]">&gt;&gt;</a>&nbsp;&nbsp;&nbsp;Select_Graphic_Cursor_4
<LI><a href="#[144]">&gt;&gt;</a>&nbsp;&nbsp;&nbsp;Select_Graphic_Cursor_3
<LI><a href="#[143]">&gt;&gt;</a>&nbsp;&nbsp;&nbsp;Select_Graphic_Cursor_2
<LI><a href="#[142]">&gt;&gt;</a>&nbsp;&nbsp;&nbsp;Select_Graphic_Cursor_1
<LI><a href="#[141]">&gt;&gt;</a>&nbsp;&nbsp;&nbsp;Disable_Graphic_Cursor
<LI><a href="#[140]">&gt;&gt;</a>&nbsp;&nbsp;&nbsp;Enable_Graphic_Cursor
<LI><a href="#[13a]">&gt;&gt;</a>&nbsp;&nbsp;&nbsp;LCD_VSYNC_Pulse_Width
<LI><a href="#[139]">&gt;&gt;</a>&nbsp;&nbsp;&nbsp;LCD_VSYNC_Start_Position
<LI><a href="#[138]">&gt;&gt;</a>&nbsp;&nbsp;&nbsp;LCD_Vertical_Non_Display
<LI><a href="#[137]">&gt;&gt;</a>&nbsp;&nbsp;&nbsp;LCD_HSYNC_Pulse_Width
<LI><a href="#[136]">&gt;&gt;</a>&nbsp;&nbsp;&nbsp;LCD_HSYNC_Start_Position
<LI><a href="#[135]">&gt;&gt;</a>&nbsp;&nbsp;&nbsp;LCD_Horizontal_Non_Display
<LI><a href="#[134]">&gt;&gt;</a>&nbsp;&nbsp;&nbsp;LCD_HorizontalWidth_VerticalHeight
<LI><a href="#[133]">&gt;&gt;</a>&nbsp;&nbsp;&nbsp;Idle_VSYNC_High
<LI><a href="#[132]">&gt;&gt;</a>&nbsp;&nbsp;&nbsp;Idle_VSYNC_Low
<LI><a href="#[131]">&gt;&gt;</a>&nbsp;&nbsp;&nbsp;Idle_HSYNC_High
<LI><a href="#[130]">&gt;&gt;</a>&nbsp;&nbsp;&nbsp;Idle_HSYNC_Low
<LI><a href="#[12f]">&gt;&gt;</a>&nbsp;&nbsp;&nbsp;Idle_PDAT_High
<LI><a href="#[12e]">&gt;&gt;</a>&nbsp;&nbsp;&nbsp;Idle_PDAT_Low
<LI><a href="#[12d]">&gt;&gt;</a>&nbsp;&nbsp;&nbsp;Idle_PCLK_High
<LI><a href="#[12c]">&gt;&gt;</a>&nbsp;&nbsp;&nbsp;Idle_PCLK_Low
<LI><a href="#[12b]">&gt;&gt;</a>&nbsp;&nbsp;&nbsp;Idle_DE_High
<LI><a href="#[12a]">&gt;&gt;</a>&nbsp;&nbsp;&nbsp;Idle_DE_Low
<LI><a href="#[129]">&gt;&gt;</a>&nbsp;&nbsp;&nbsp;DE_High_Active
<LI><a href="#[128]">&gt;&gt;</a>&nbsp;&nbsp;&nbsp;DE_Low_Active
<LI><a href="#[127]">&gt;&gt;</a>&nbsp;&nbsp;&nbsp;VSYNC_High_Active
<LI><a href="#[126]">&gt;&gt;</a>&nbsp;&nbsp;&nbsp;VSYNC_Low_Active
<LI><a href="#[125]">&gt;&gt;</a>&nbsp;&nbsp;&nbsp;HSYNC_High_Active
<LI><a href="#[124]">&gt;&gt;</a>&nbsp;&nbsp;&nbsp;HSYNC_Low_Active
<LI><a href="#[123]">&gt;&gt;</a>&nbsp;&nbsp;&nbsp;PDATA_IDLE_STATE
<LI><a href="#[122]">&gt;&gt;</a>&nbsp;&nbsp;&nbsp;PDATA_Set_BGR
<LI><a href="#[121]">&gt;&gt;</a>&nbsp;&nbsp;&nbsp;PDATA_Set_BRG
<LI><a href="#[120]">&gt;&gt;</a>&nbsp;&nbsp;&nbsp;PDATA_Set_GBR
<LI><a href="#[11f]">&gt;&gt;</a>&nbsp;&nbsp;&nbsp;PDATA_Set_GRB
<LI><a href="#[11e]">&gt;&gt;</a>&nbsp;&nbsp;&nbsp;PDATA_Set_RBG
<LI><a href="#[11d]">&gt;&gt;</a>&nbsp;&nbsp;&nbsp;PDATA_Set_RGB
<LI><a href="#[11c]">&gt;&gt;</a>&nbsp;&nbsp;&nbsp;VSCAN_B_to_T
<LI><a href="#[11b]">&gt;&gt;</a>&nbsp;&nbsp;&nbsp;VSCAN_T_to_B
<LI><a href="#[11a]">&gt;&gt;</a>&nbsp;&nbsp;&nbsp;HSCAN_R_to_L
<LI><a href="#[119]">&gt;&gt;</a>&nbsp;&nbsp;&nbsp;HSCAN_L_to_R
<LI><a href="#[118]">&gt;&gt;</a>&nbsp;&nbsp;&nbsp;Color_Bar_OFF
<LI><a href="#[117]">&gt;&gt;</a>&nbsp;&nbsp;&nbsp;Color_Bar_ON
<LI><a href="#[116]">&gt;&gt;</a>&nbsp;&nbsp;&nbsp;Display_OFF
<LI><a href="#[115]">&gt;&gt;</a>&nbsp;&nbsp;&nbsp;PCLK_Falling
<LI><a href="#[114]">&gt;&gt;</a>&nbsp;&nbsp;&nbsp;PCLK_Rising
<LI><a href="#[113]">&gt;&gt;</a>&nbsp;&nbsp;&nbsp;Select_PIP1_Window_24bpp
<LI><a href="#[112]">&gt;&gt;</a>&nbsp;&nbsp;&nbsp;Select_PIP1_Window_16bpp
<LI><a href="#[111]">&gt;&gt;</a>&nbsp;&nbsp;&nbsp;Select_PIP1_Window_8bpp
<LI><a href="#[110]">&gt;&gt;</a>&nbsp;&nbsp;&nbsp;Select_PIP2_Window_24bpp
<LI><a href="#[10f]">&gt;&gt;</a>&nbsp;&nbsp;&nbsp;Select_PIP2_Window_16bpp
<LI><a href="#[10e]">&gt;&gt;</a>&nbsp;&nbsp;&nbsp;Select_PIP2_Window_8bpp
<LI><a href="#[10d]">&gt;&gt;</a>&nbsp;&nbsp;&nbsp;Select_Main_Window_24bpp
<LI><a href="#[10c]">&gt;&gt;</a>&nbsp;&nbsp;&nbsp;Select_Main_Window_8bpp
<LI><a href="#[10b]">&gt;&gt;</a>&nbsp;&nbsp;&nbsp;Select_PIP2_Parameter
<LI><a href="#[10a]">&gt;&gt;</a>&nbsp;&nbsp;&nbsp;Select_PIP1_Parameter
<LI><a href="#[109]">&gt;&gt;</a>&nbsp;&nbsp;&nbsp;Disable_PIP2
<LI><a href="#[108]">&gt;&gt;</a>&nbsp;&nbsp;&nbsp;Enable_PIP2
<LI><a href="#[107]">&gt;&gt;</a>&nbsp;&nbsp;&nbsp;Disable_PIP1
<LI><a href="#[106]">&gt;&gt;</a>&nbsp;&nbsp;&nbsp;Enable_PIP1
<LI><a href="#[105]">&gt;&gt;</a>&nbsp;&nbsp;&nbsp;XPDAT0_Set_KIN1
<LI><a href="#[104]">&gt;&gt;</a>&nbsp;&nbsp;&nbsp;XPDAT0_Set_GPIO_D0
<LI><a href="#[103]">&gt;&gt;</a>&nbsp;&nbsp;&nbsp;XPDAT1_Set_KIN2
<LI><a href="#[102]">&gt;&gt;</a>&nbsp;&nbsp;&nbsp;XPDAT1_Set_GPIO_D1
<LI><a href="#[101]">&gt;&gt;</a>&nbsp;&nbsp;&nbsp;XPDAT2_Set_KIN4
<LI><a href="#[100]">&gt;&gt;</a>&nbsp;&nbsp;&nbsp;XPDAT2_Set_GPIO_D6
<LI><a href="#[ff]">&gt;&gt;</a>&nbsp;&nbsp;&nbsp;XPDAT8_Set_KIN3
<LI><a href="#[fe]">&gt;&gt;</a>&nbsp;&nbsp;&nbsp;XPDAT8_Set_GPIO_D2
<LI><a href="#[fd]">&gt;&gt;</a>&nbsp;&nbsp;&nbsp;XPDAT9_Set_KOUT3
<LI><a href="#[fc]">&gt;&gt;</a>&nbsp;&nbsp;&nbsp;XPDAT9_Set_GPIO_D3
<LI><a href="#[fb]">&gt;&gt;</a>&nbsp;&nbsp;&nbsp;XPDAT16_Set_KOUT1
<LI><a href="#[fa]">&gt;&gt;</a>&nbsp;&nbsp;&nbsp;XPDAT16_Set_GPIO_D4
<LI><a href="#[f9]">&gt;&gt;</a>&nbsp;&nbsp;&nbsp;XPDAT17_Set_KOUT2
<LI><a href="#[f8]">&gt;&gt;</a>&nbsp;&nbsp;&nbsp;XPDAT17_Set_GPIO_D5
<LI><a href="#[f7]">&gt;&gt;</a>&nbsp;&nbsp;&nbsp;XPDAT18_Set_KOUT4
<LI><a href="#[f6]">&gt;&gt;</a>&nbsp;&nbsp;&nbsp;XPDAT18_Set_GPIO_D7
<LI><a href="#[f5]">&gt;&gt;</a>&nbsp;&nbsp;&nbsp;Disable_XDB7_0_PullUp
<LI><a href="#[f4]">&gt;&gt;</a>&nbsp;&nbsp;&nbsp;Disable_XDB15_8_PullUp
<LI><a href="#[f3]">&gt;&gt;</a>&nbsp;&nbsp;&nbsp;Disable_GPIOC_PullUp
<LI><a href="#[f2]">&gt;&gt;</a>&nbsp;&nbsp;&nbsp;Disable_GPIOD_PullUp
<LI><a href="#[f1]">&gt;&gt;</a>&nbsp;&nbsp;&nbsp;Disable_GPIOE_PullUp
<LI><a href="#[f0]">&gt;&gt;</a>&nbsp;&nbsp;&nbsp;Disable_GPIOF_PullUp
<LI><a href="#[ef]">&gt;&gt;</a>&nbsp;&nbsp;&nbsp;Enable_XDB7_0_PullUp
<LI><a href="#[ee]">&gt;&gt;</a>&nbsp;&nbsp;&nbsp;Enable_XDB15_8_PullUp
<LI><a href="#[ed]">&gt;&gt;</a>&nbsp;&nbsp;&nbsp;Enable_GPIOC_PullUp
<LI><a href="#[ec]">&gt;&gt;</a>&nbsp;&nbsp;&nbsp;Enable_GPIOD_PullUp
<LI><a href="#[eb]">&gt;&gt;</a>&nbsp;&nbsp;&nbsp;Enable_GPIOE_PullUp
<LI><a href="#[ea]">&gt;&gt;</a>&nbsp;&nbsp;&nbsp;Enable_GPIOF_PullUp
<LI><a href="#[e9]">&gt;&gt;</a>&nbsp;&nbsp;&nbsp;Enable_PWM0_Interrupt_Flag
<LI><a href="#[e8]">&gt;&gt;</a>&nbsp;&nbsp;&nbsp;Enable_PWM1_Interrupt_Flag
<LI><a href="#[e7]">&gt;&gt;</a>&nbsp;&nbsp;&nbsp;Enable_Draw_BTE_Interrupt_Flag
<LI><a href="#[e6]">&gt;&gt;</a>&nbsp;&nbsp;&nbsp;Enable_KeyScan_Interrupt_Flag
<LI><a href="#[e5]">&gt;&gt;</a>&nbsp;&nbsp;&nbsp;Enable_Vsync_Interrupt_Flag
<LI><a href="#[e4]">&gt;&gt;</a>&nbsp;&nbsp;&nbsp;Enable_I2CM_Interrupt_Flag
<LI><a href="#[e3]">&gt;&gt;</a>&nbsp;&nbsp;&nbsp;Enable_ExtInterrupt_Inpur_Flag
<LI><a href="#[e2]">&gt;&gt;</a>&nbsp;&nbsp;&nbsp;Enable_Resume_Interrupt_Flag
<LI><a href="#[e1]">&gt;&gt;</a>&nbsp;&nbsp;&nbsp;Mask_PWM0_Interrupt_Flag
<LI><a href="#[e0]">&gt;&gt;</a>&nbsp;&nbsp;&nbsp;Mask_PWM1_Interrupt_Flag
<LI><a href="#[df]">&gt;&gt;</a>&nbsp;&nbsp;&nbsp;Mask_Draw_BTE_Interrupt_Flag
<LI><a href="#[de]">&gt;&gt;</a>&nbsp;&nbsp;&nbsp;Mask_KeyScan_Interrupt_Flag
<LI><a href="#[dd]">&gt;&gt;</a>&nbsp;&nbsp;&nbsp;Mask_Vsync_Interrupt_Flag
<LI><a href="#[dc]">&gt;&gt;</a>&nbsp;&nbsp;&nbsp;Mask_I2CM_Interrupt_Flag
<LI><a href="#[db]">&gt;&gt;</a>&nbsp;&nbsp;&nbsp;Mask_ExtInterrupt_Input_Flag
<LI><a href="#[da]">&gt;&gt;</a>&nbsp;&nbsp;&nbsp;Mask_Resume_Interrupt_Flag
<LI><a href="#[d9]">&gt;&gt;</a>&nbsp;&nbsp;&nbsp;Clear_PWM0_Interrupt_Flag
<LI><a href="#[d8]">&gt;&gt;</a>&nbsp;&nbsp;&nbsp;Clear_PWM1_Interrupt_Flag
<LI><a href="#[d7]">&gt;&gt;</a>&nbsp;&nbsp;&nbsp;Clear_Draw_BTE_Interrupt_Flag
<LI><a href="#[d6]">&gt;&gt;</a>&nbsp;&nbsp;&nbsp;Clear_KeyScan_Interrupt_Flag
<LI><a href="#[d5]">&gt;&gt;</a>&nbsp;&nbsp;&nbsp;Clear_Vsync_Interrupt_Flag
<LI><a href="#[d4]">&gt;&gt;</a>&nbsp;&nbsp;&nbsp;Clear_I2CM_Interrupt_Flag
<LI><a href="#[d3]">&gt;&gt;</a>&nbsp;&nbsp;&nbsp;Clear_ExtInterrupt_Input_Flag
<LI><a href="#[d2]">&gt;&gt;</a>&nbsp;&nbsp;&nbsp;Clear_Resume_Interrupt_Flag
<LI><a href="#[d0]">&gt;&gt;</a>&nbsp;&nbsp;&nbsp;Disable_PWM0_Interrupt
<LI><a href="#[cf]">&gt;&gt;</a>&nbsp;&nbsp;&nbsp;Enable_PWM0_Interrupt
<LI><a href="#[ce]">&gt;&gt;</a>&nbsp;&nbsp;&nbsp;Disable_PWM1_Interrupt
<LI><a href="#[cd]">&gt;&gt;</a>&nbsp;&nbsp;&nbsp;Enable_PWM1_Interrupt
<LI><a href="#[cc]">&gt;&gt;</a>&nbsp;&nbsp;&nbsp;Disable_DMA_Draw_BTE_Interrupt
<LI><a href="#[cb]">&gt;&gt;</a>&nbsp;&nbsp;&nbsp;Enable_DMA_Draw_BTE_Interrupt
<LI><a href="#[ca]">&gt;&gt;</a>&nbsp;&nbsp;&nbsp;Disable_KeyScan_Interrupt
<LI><a href="#[c9]">&gt;&gt;</a>&nbsp;&nbsp;&nbsp;Enable_KeyScan_Interrupt
<LI><a href="#[c8]">&gt;&gt;</a>&nbsp;&nbsp;&nbsp;Disable_Vsync_Interrupt
<LI><a href="#[c7]">&gt;&gt;</a>&nbsp;&nbsp;&nbsp;Enable_Vsync_Interrupt
<LI><a href="#[c6]">&gt;&gt;</a>&nbsp;&nbsp;&nbsp;Disable_I2CM_Interrupt
<LI><a href="#[c5]">&gt;&gt;</a>&nbsp;&nbsp;&nbsp;Enable_I2CM_Interrupt
<LI><a href="#[c4]">&gt;&gt;</a>&nbsp;&nbsp;&nbsp;Disable_ExtInterrupt_Input
<LI><a href="#[c3]">&gt;&gt;</a>&nbsp;&nbsp;&nbsp;Enable_ExtInterrupt_Input
<LI><a href="#[c2]">&gt;&gt;</a>&nbsp;&nbsp;&nbsp;Disable_Resume_Interrupt
<LI><a href="#[c1]">&gt;&gt;</a>&nbsp;&nbsp;&nbsp;Enable_Resume_Interrupt
<LI><a href="#[c0]">&gt;&gt;</a>&nbsp;&nbsp;&nbsp;Memory_Select_Color_Palette_RAM
<LI><a href="#[bf]">&gt;&gt;</a>&nbsp;&nbsp;&nbsp;Memory_Select_Graphic_Cursor_RAM
<LI><a href="#[be]">&gt;&gt;</a>&nbsp;&nbsp;&nbsp;Memory_Select_SDRAM
<LI><a href="#[bd]">&gt;&gt;</a>&nbsp;&nbsp;&nbsp;Text_Mode
<LI><a href="#[bc]">&gt;&gt;</a>&nbsp;&nbsp;&nbsp;Graphic_Mode
<LI><a href="#[bb]">&gt;&gt;</a>&nbsp;&nbsp;&nbsp;LVDS_Format2
<LI><a href="#[ba]">&gt;&gt;</a>&nbsp;&nbsp;&nbsp;LVDS_Format1
<LI><a href="#[b9]">&gt;&gt;</a>&nbsp;&nbsp;&nbsp;ExtInterrupt_Input_Rising_Edge_Trigger
<LI><a href="#[b8]">&gt;&gt;</a>&nbsp;&nbsp;&nbsp;ExtInterrupt_Input_Falling_Edge_Trigger
<LI><a href="#[b7]">&gt;&gt;</a>&nbsp;&nbsp;&nbsp;ExtInterrupt_Input_High_Level_Trigger
<LI><a href="#[b6]">&gt;&gt;</a>&nbsp;&nbsp;&nbsp;ExtInterrupt_Input_Low_Level_Trigger
<LI><a href="#[b5]">&gt;&gt;</a>&nbsp;&nbsp;&nbsp;ExtInterrupt_Nodebounce
<LI><a href="#[b4]">&gt;&gt;</a>&nbsp;&nbsp;&nbsp;ExtInterrupt_Debounce
<LI><a href="#[b3]">&gt;&gt;</a>&nbsp;&nbsp;&nbsp;Interrupt_Active_High
<LI><a href="#[b2]">&gt;&gt;</a>&nbsp;&nbsp;&nbsp;Interrupt_Active_Low
<LI><a href="#[b1]">&gt;&gt;</a>&nbsp;&nbsp;&nbsp;MemWrite_Down_Top_Left_Right
<LI><a href="#[b0]">&gt;&gt;</a>&nbsp;&nbsp;&nbsp;MemWrite_Top_Down_Left_Right
<LI><a href="#[af]">&gt;&gt;</a>&nbsp;&nbsp;&nbsp;MemWrite_Right_Left_Top_Down
<LI><a href="#[ae]">&gt;&gt;</a>&nbsp;&nbsp;&nbsp;MemWrite_Left_Right_Top_Down
<LI><a href="#[ad]">&gt;&gt;</a>&nbsp;&nbsp;&nbsp;MemRead_Down_Top_Left_Right
<LI><a href="#[ac]">&gt;&gt;</a>&nbsp;&nbsp;&nbsp;MemRead_Top_Down_Left_Right
<LI><a href="#[ab]">&gt;&gt;</a>&nbsp;&nbsp;&nbsp;MemRead_Right_Left_Top_Down
<LI><a href="#[aa]">&gt;&gt;</a>&nbsp;&nbsp;&nbsp;MemRead_Left_Right_Top_Down
<LI><a href="#[a9]">&gt;&gt;</a>&nbsp;&nbsp;&nbsp;RGB_16b_24bpp_mode2
<LI><a href="#[a8]">&gt;&gt;</a>&nbsp;&nbsp;&nbsp;RGB_16b_24bpp_mode1
<LI><a href="#[a7]">&gt;&gt;</a>&nbsp;&nbsp;&nbsp;RGB_16b_16bpp
<LI><a href="#[a6]">&gt;&gt;</a>&nbsp;&nbsp;&nbsp;RGB_16b_8bpp
<LI><a href="#[a5]">&gt;&gt;</a>&nbsp;&nbsp;&nbsp;RGB_8b_24bpp
<LI><a href="#[a4]">&gt;&gt;</a>&nbsp;&nbsp;&nbsp;RGB_8b_16bpp
<LI><a href="#[a3]">&gt;&gt;</a>&nbsp;&nbsp;&nbsp;RGB_8b_8bpp
<LI><a href="#[a2]">&gt;&gt;</a>&nbsp;&nbsp;&nbsp;Host_Bus_16bit
<LI><a href="#[a1]">&gt;&gt;</a>&nbsp;&nbsp;&nbsp;Host_Bus_8bit
<LI><a href="#[a0]">&gt;&gt;</a>&nbsp;&nbsp;&nbsp;LT738_I2CM_Disable
<LI><a href="#[9f]">&gt;&gt;</a>&nbsp;&nbsp;&nbsp;LT738_I2CM_Enable
<LI><a href="#[9e]">&gt;&gt;</a>&nbsp;&nbsp;&nbsp;TFT_LVDS
<LI><a href="#[9d]">&gt;&gt;</a>&nbsp;&nbsp;&nbsp;TFT_16bit
<LI><a href="#[9c]">&gt;&gt;</a>&nbsp;&nbsp;&nbsp;TFT_18bit
<LI><a href="#[9b]">&gt;&gt;</a>&nbsp;&nbsp;&nbsp;TFT_24bit
<LI><a href="#[9a]">&gt;&gt;</a>&nbsp;&nbsp;&nbsp;Key_Scan_Disable
<LI><a href="#[99]">&gt;&gt;</a>&nbsp;&nbsp;&nbsp;Key_Scan_Enable
<LI><a href="#[98]">&gt;&gt;</a>&nbsp;&nbsp;&nbsp;LT738_WakeUp
<LI><a href="#[97]">&gt;&gt;</a>&nbsp;&nbsp;&nbsp;LT738_Sleep
<LI><a href="#[95]">&gt;&gt;</a>&nbsp;&nbsp;&nbsp;Enable_PLL
<LI><a href="#[94]">&gt;&gt;</a>&nbsp;&nbsp;&nbsp;LT738_SW_Reset
<LI><a href="#[86]">&gt;&gt;</a>&nbsp;&nbsp;&nbsp;LCD_RegisterWrite
<LI><a href="#[56]">&gt;&gt;</a>&nbsp;&nbsp;&nbsp;Select_Main_Window_16bpp
<LI><a href="#[55]">&gt;&gt;</a>&nbsp;&nbsp;&nbsp;Display_ON
</UL>

<P><STRONG><a name="[6f]"></a>LCD_DataWrite_Pixel</STRONG> (Thumb, 12 bytes, Stack size 4 bytes, if_port.o(.text), UNUSED)
<BR><BR>[Calls]<UL><LI><a href="#[70]">&gt;&gt;</a>&nbsp;&nbsp;&nbsp;FMSC_16_DataWrite_Pixel
</UL>

<P><STRONG><a name="[71]"></a>LCD_StatusRead</STRONG> (Thumb, 14 bytes, Stack size 4 bytes, if_port.o(.text))
<BR><BR>[Stack]<UL><LI>Max Depth = 4<LI>Call Chain = LCD_StatusRead
</UL>
<BR>[Calls]<UL><LI><a href="#[72]">&gt;&gt;</a>&nbsp;&nbsp;&nbsp;FMSC_16_StatusRead
</UL>
<BR>[Called By]<UL><LI><a href="#[21f]">&gt;&gt;</a>&nbsp;&nbsp;&nbsp;System_Check_Temp
<LI><a href="#[19a]">&gt;&gt;</a>&nbsp;&nbsp;&nbsp;Check_BTE_Busy
<LI><a href="#[93]">&gt;&gt;</a>&nbsp;&nbsp;&nbsp;Check_Busy_Draw
<LI><a href="#[92]">&gt;&gt;</a>&nbsp;&nbsp;&nbsp;Check_Interrupt_Occur
<LI><a href="#[91]">&gt;&gt;</a>&nbsp;&nbsp;&nbsp;Check_NO_Interrupt
<LI><a href="#[90]">&gt;&gt;</a>&nbsp;&nbsp;&nbsp;Check_Power_is_Saving
<LI><a href="#[8f]">&gt;&gt;</a>&nbsp;&nbsp;&nbsp;Check_Power_is_Normal
<LI><a href="#[8e]">&gt;&gt;</a>&nbsp;&nbsp;&nbsp;Power_Saving_Status
<LI><a href="#[8d]">&gt;&gt;</a>&nbsp;&nbsp;&nbsp;Check_SDRAM_Ready
<LI><a href="#[8c]">&gt;&gt;</a>&nbsp;&nbsp;&nbsp;Check_2D_Busy
<LI><a href="#[8b]">&gt;&gt;</a>&nbsp;&nbsp;&nbsp;Check_Mem_RD_FIFO_not_Empty
<LI><a href="#[8a]">&gt;&gt;</a>&nbsp;&nbsp;&nbsp;Check_Mem_RD_FIFO_not_Full
<LI><a href="#[89]">&gt;&gt;</a>&nbsp;&nbsp;&nbsp;Check_Mem_WR_FIFO_Empty
<LI><a href="#[88]">&gt;&gt;</a>&nbsp;&nbsp;&nbsp;Check_Mem_WR_FIFO_not_Full
<LI><a href="#[53]">&gt;&gt;</a>&nbsp;&nbsp;&nbsp;LT738_Init
</UL>

<P><STRONG><a name="[73]"></a>LCD_DataRead</STRONG> (Thumb, 14 bytes, Stack size 4 bytes, if_port.o(.text))
<BR><BR>[Stack]<UL><LI>Max Depth = 4<LI>Call Chain = LCD_DataRead
</UL>
<BR>[Calls]<UL><LI><a href="#[74]">&gt;&gt;</a>&nbsp;&nbsp;&nbsp;FMSC_16_DataRead
</UL>
<BR>[Called By]<UL><LI><a href="#[21f]">&gt;&gt;</a>&nbsp;&nbsp;&nbsp;System_Check_Temp
<LI><a href="#[21a]">&gt;&gt;</a>&nbsp;&nbsp;&nbsp;Check_Busy_SFI_DMA
<LI><a href="#[219]">&gt;&gt;</a>&nbsp;&nbsp;&nbsp;Start_SFI_DMA
<LI><a href="#[213]">&gt;&gt;</a>&nbsp;&nbsp;&nbsp;Select_SFI_DMA_Mode
<LI><a href="#[212]">&gt;&gt;</a>&nbsp;&nbsp;&nbsp;Select_SFI_1
<LI><a href="#[211]">&gt;&gt;</a>&nbsp;&nbsp;&nbsp;Select_SFI_0
<LI><a href="#[210]">&gt;&gt;</a>&nbsp;&nbsp;&nbsp;Enable_SFlash_SPI
<LI><a href="#[20d]">&gt;&gt;</a>&nbsp;&nbsp;&nbsp;Read_Key_Strobe_Data_2
<LI><a href="#[20c]">&gt;&gt;</a>&nbsp;&nbsp;&nbsp;Read_Key_Strobe_Data_1
<LI><a href="#[20b]">&gt;&gt;</a>&nbsp;&nbsp;&nbsp;Read_Key_Strobe_Data_0
<LI><a href="#[20a]">&gt;&gt;</a>&nbsp;&nbsp;&nbsp;Numbers_of_Key_Hit
<LI><a href="#[209]">&gt;&gt;</a>&nbsp;&nbsp;&nbsp;Long_Key_Timing_Adjustment
<LI><a href="#[208]">&gt;&gt;</a>&nbsp;&nbsp;&nbsp;Key_Scan_Wakeup_Function_Enable
<LI><a href="#[207]">&gt;&gt;</a>&nbsp;&nbsp;&nbsp;Key_Scan_Freg
<LI><a href="#[206]">&gt;&gt;</a>&nbsp;&nbsp;&nbsp;Long_Key_enable
<LI><a href="#[205]">&gt;&gt;</a>&nbsp;&nbsp;&nbsp;Read_GPIO_F_7_0
<LI><a href="#[202]">&gt;&gt;</a>&nbsp;&nbsp;&nbsp;Read_GPIO_E_7_0
<LI><a href="#[1ff]">&gt;&gt;</a>&nbsp;&nbsp;&nbsp;Read_GPIO_D_7_0
<LI><a href="#[1fc]">&gt;&gt;</a>&nbsp;&nbsp;&nbsp;Read_GPIO_C_7_0
<LI><a href="#[1f9]">&gt;&gt;</a>&nbsp;&nbsp;&nbsp;Read_GPIO_B_7_0
<LI><a href="#[1f7]">&gt;&gt;</a>&nbsp;&nbsp;&nbsp;Read_GPIO_A_7_0
<LI><a href="#[1f4]">&gt;&gt;</a>&nbsp;&nbsp;&nbsp;LT738_I2CM_Arbitration
<LI><a href="#[1f3]">&gt;&gt;</a>&nbsp;&nbsp;&nbsp;LT738_I2CM_transmit_Progress
<LI><a href="#[1f2]">&gt;&gt;</a>&nbsp;&nbsp;&nbsp;LT738_I2CM_Bus_Busy
<LI><a href="#[1f1]">&gt;&gt;</a>&nbsp;&nbsp;&nbsp;LT738_I2CM_Check_Slave_ACK
<LI><a href="#[1eb]">&gt;&gt;</a>&nbsp;&nbsp;&nbsp;LT738_I2CM_Receiver_Data
<LI><a href="#[1d8]">&gt;&gt;</a>&nbsp;&nbsp;&nbsp;GTFont_Select_GT22L16A1Y
<LI><a href="#[1d7]">&gt;&gt;</a>&nbsp;&nbsp;&nbsp;GTFont_Select_GT21L24S1W
<LI><a href="#[1d6]">&gt;&gt;</a>&nbsp;&nbsp;&nbsp;GTFont_Select_GT20L24F6Y
<LI><a href="#[1d5]">&gt;&gt;</a>&nbsp;&nbsp;&nbsp;GTFont_Select_GT23L32S4W_GT23H32S4W
<LI><a href="#[1d4]">&gt;&gt;</a>&nbsp;&nbsp;&nbsp;GTFont_Select_GT23L24M1Z
<LI><a href="#[1d3]">&gt;&gt;</a>&nbsp;&nbsp;&nbsp;GTFont_Select_GT23L24T3Y_GT23H24T3Y
[...]
<BR><BR>[Called By]<UL><LI><a href="#[21b]">&gt;&gt;</a>&nbsp;&nbsp;&nbsp;LT738_HW_Reset
</UL>

<P><STRONG><a name="[21c]"></a>GPIO_ResetBits</STRONG> (Thumb, 4 bytes, Stack size 0 bytes, stm32f10x_gpio.o(.text))
<BR><BR>[Called By]<UL><LI><a href="#[21b]">&gt;&gt;</a>&nbsp;&nbsp;&nbsp;LT738_HW_Reset
</UL>

<P><STRONG><a name="[274]"></a>GPIO_WriteBit</STRONG> (Thumb, 10 bytes, Stack size 0 bytes, stm32f10x_gpio.o(.text), UNUSED)

<P><STRONG><a name="[275]"></a>GPIO_Write</STRONG> (Thumb, 4 bytes, Stack size 0 bytes, stm32f10x_gpio.o(.text), UNUSED)

<P><STRONG><a name="[75]"></a>GPIO_PinLockConfig</STRONG> (Thumb, 18 bytes, Stack size 0 bytes, stm32f10x_gpio.o(.text))
<BR><BR>[Called By]<UL><LI><a href="#[50]">&gt;&gt;</a>&nbsp;&nbsp;&nbsp;W25X_Init
</UL>

<P><STRONG><a name="[276]"></a>GPIO_EventOutputConfig</STRONG> (Thumb, 26 bytes, Stack size 0 bytes, stm32f10x_gpio.o(.text), UNUSED)

<P><STRONG><a name="[277]"></a>GPIO_EventOutputCmd</STRONG> (Thumb, 6 bytes, Stack size 0 bytes, stm32f10x_gpio.o(.text), UNUSED)

<P><STRONG><a name="[278]"></a>GPIO_PinRemapConfig</STRONG> (Thumb, 138 bytes, Stack size 20 bytes, stm32f10x_gpio.o(.text), UNUSED)

<P><STRONG><a name="[279]"></a>GPIO_EXTILineConfig</STRONG> (Thumb, 66 bytes, Stack size 12 bytes, stm32f10x_gpio.o(.text), UNUSED)

<P><STRONG><a name="[27a]"></a>GPIO_ETH_MediaInterfaceConfig</STRONG> (Thumb, 8 bytes, Stack size 0 bytes, stm32f10x_gpio.o(.text), UNUSED)

<P><STRONG><a name="[27b]"></a>RCC_DeInit</STRONG> (Thumb, 64 bytes, Stack size 0 bytes, stm32f10x_rcc.o(.text), UNUSED)

<P><STRONG><a name="[27c]"></a>RCC_HSEConfig</STRONG> (Thumb, 70 bytes, Stack size 0 bytes, stm32f10x_rcc.o(.text), UNUSED)

<P><STRONG><a name="[22a]"></a>RCC_GetFlagStatus</STRONG> (Thumb, 56 bytes, Stack size 8 bytes, stm32f10x_rcc.o(.text), UNUSED)
<BR><BR>[Called By]<UL><LI><a href="#[229]">&gt;&gt;</a>&nbsp;&nbsp;&nbsp;RCC_WaitForHSEStartUp
</UL>

<P><STRONG><a name="[229]"></a>RCC_WaitForHSEStartUp</STRONG> (Thumb, 56 bytes, Stack size 16 bytes, stm32f10x_rcc.o(.text), UNUSED)
<BR><BR>[Calls]<UL><LI><a href="#[22a]">&gt;&gt;</a>&nbsp;&nbsp;&nbsp;RCC_GetFlagStatus
</UL>

<P><STRONG><a name="[27d]"></a>RCC_AdjustHSICalibrationValue</STRONG> (Thumb, 20 bytes, Stack size 0 bytes, stm32f10x_rcc.o(.text), UNUSED)

<P><STRONG><a name="[27e]"></a>RCC_HSICmd</STRONG> (Thumb, 6 bytes, Stack size 0 bytes, stm32f10x_rcc.o(.text), UNUSED)

<P><STRONG><a name="[27f]"></a>RCC_PLLConfig</STRONG> (Thumb, 24 bytes, Stack size 0 bytes, stm32f10x_rcc.o(.text), UNUSED)

<P><STRONG><a name="[280]"></a>RCC_PLLCmd</STRONG> (Thumb, 6 bytes, Stack size 0 bytes, stm32f10x_rcc.o(.text), UNUSED)

<P><STRONG><a name="[281]"></a>RCC_SYSCLKConfig</STRONG> (Thumb, 18 bytes, Stack size 0 bytes, stm32f10x_rcc.o(.text), UNUSED)

<P><STRONG><a name="[282]"></a>RCC_GetSYSCLKSource</STRONG> (Thumb, 10 bytes, Stack size 0 bytes, stm32f10x_rcc.o(.text), UNUSED)

<P><STRONG><a name="[283]"></a>RCC_HCLKConfig</STRONG> (Thumb, 18 bytes, Stack size 0 bytes, stm32f10x_rcc.o(.text), UNUSED)

<P><STRONG><a name="[284]"></a>RCC_PCLK1Config</STRONG> (Thumb, 18 bytes, Stack size 0 bytes, stm32f10x_rcc.o(.text), UNUSED)

<P><STRONG><a name="[285]"></a>RCC_PCLK2Config</STRONG> (Thumb, 20 bytes, Stack size 0 bytes, stm32f10x_rcc.o(.text), UNUSED)

<P><STRONG><a name="[286]"></a>RCC_ITConfig</STRONG> (Thumb, 26 bytes, Stack size 0 bytes, stm32f10x_rcc.o(.text), UNUSED)

<P><STRONG><a name="[287]"></a>RCC_USBCLKConfig</STRONG> (Thumb, 8 bytes, Stack size 0 bytes, stm32f10x_rcc.o(.text), UNUSED)

<P><STRONG><a name="[288]"></a>RCC_ADCCLKConfig</STRONG> (Thumb, 18 bytes, Stack size 0 bytes, stm32f10x_rcc.o(.text), UNUSED)

<P><STRONG><a name="[289]"></a>RCC_LSEConfig</STRONG> (Thumb, 50 bytes, Stack size 0 bytes, stm32f10x_rcc.o(.text), UNUSED)

<P><STRONG><a name="[28a]"></a>RCC_LSICmd</STRONG> (Thumb, 6 bytes, Stack size 0 bytes, stm32f10x_rcc.o(.text), UNUSED)

<P><STRONG><a name="[28b]"></a>RCC_RTCCLKConfig</STRONG> (Thumb, 12 bytes, Stack size 0 bytes, stm32f10x_rcc.o(.text), UNUSED)

<P><STRONG><a name="[28c]"></a>RCC_RTCCLKCmd</STRONG> (Thumb, 8 bytes, Stack size 0 bytes, stm32f10x_rcc.o(.text), UNUSED)

<P><STRONG><a name="[22e]"></a>RCC_GetClocksFreq</STRONG> (Thumb, 192 bytes, Stack size 12 bytes, stm32f10x_rcc.o(.text))
<BR><BR>[Stack]<UL><LI>Max Depth = 12<LI>Call Chain = RCC_GetClocksFreq
</UL>
<BR>[Called By]<UL><LI><a href="#[22d]">&gt;&gt;</a>&nbsp;&nbsp;&nbsp;I2S_Init
<LI><a href="#[65]">&gt;&gt;</a>&nbsp;&nbsp;&nbsp;USART_Init
</UL>

<P><STRONG><a name="[68]"></a>RCC_AHBPeriphClockCmd</STRONG> (Thumb, 26 bytes, Stack size 0 bytes, stm32f10x_rcc.o(.text))
<BR><BR>[Called By]<UL><LI><a href="#[67]">&gt;&gt;</a>&nbsp;&nbsp;&nbsp;FSMC_Init_16
</UL>

<P><STRONG><a name="[62]"></a>RCC_APB2PeriphClockCmd</STRONG> (Thumb, 26 bytes, Stack size 0 bytes, stm32f10x_rcc.o(.text))
<BR><BR>[Called By]<UL><LI><a href="#[21b]">&gt;&gt;</a>&nbsp;&nbsp;&nbsp;LT738_HW_Reset
<LI><a href="#[85]">&gt;&gt;</a>&nbsp;&nbsp;&nbsp;W25X_Outside
<LI><a href="#[67]">&gt;&gt;</a>&nbsp;&nbsp;&nbsp;FSMC_Init_16
<LI><a href="#[4f]">&gt;&gt;</a>&nbsp;&nbsp;&nbsp;uart_init
<LI><a href="#[50]">&gt;&gt;</a>&nbsp;&nbsp;&nbsp;W25X_Init
</UL>

<P><STRONG><a name="[28d]"></a>RCC_APB1PeriphClockCmd</STRONG> (Thumb, 26 bytes, Stack size 0 bytes, stm32f10x_rcc.o(.text), UNUSED)

<P><STRONG><a name="[227]"></a>RCC_APB2PeriphResetCmd</STRONG> (Thumb, 26 bytes, Stack size 0 bytes, stm32f10x_rcc.o(.text), UNUSED)
<BR><BR>[Called By]<UL><LI><a href="#[22b]">&gt;&gt;</a>&nbsp;&nbsp;&nbsp;SPI_I2S_DeInit
<LI><a href="#[228]">&gt;&gt;</a>&nbsp;&nbsp;&nbsp;GPIO_AFIODeInit
<LI><a href="#[226]">&gt;&gt;</a>&nbsp;&nbsp;&nbsp;GPIO_DeInit
<LI><a href="#[22f]">&gt;&gt;</a>&nbsp;&nbsp;&nbsp;USART_DeInit
</UL>

<P><STRONG><a name="[22c]"></a>RCC_APB1PeriphResetCmd</STRONG> (Thumb, 26 bytes, Stack size 0 bytes, stm32f10x_rcc.o(.text), UNUSED)
<BR><BR>[Called By]<UL><LI><a href="#[22b]">&gt;&gt;</a>&nbsp;&nbsp;&nbsp;SPI_I2S_DeInit
<LI><a href="#[22f]">&gt;&gt;</a>&nbsp;&nbsp;&nbsp;USART_DeInit
</UL>

<P><STRONG><a name="[28e]"></a>RCC_BackupResetCmd</STRONG> (Thumb, 8 bytes, Stack size 0 bytes, stm32f10x_rcc.o(.text), UNUSED)

<P><STRONG><a name="[28f]"></a>RCC_ClockSecuritySystemCmd</STRONG> (Thumb, 6 bytes, Stack size 0 bytes, stm32f10x_rcc.o(.text), UNUSED)

<P><STRONG><a name="[290]"></a>RCC_MCOConfig</STRONG> (Thumb, 6 bytes, Stack size 0 bytes, stm32f10x_rcc.o(.text), UNUSED)

<P><STRONG><a name="[291]"></a>RCC_ClearFlag</STRONG> (Thumb, 14 bytes, Stack size 0 bytes, stm32f10x_rcc.o(.text), UNUSED)

<P><STRONG><a name="[292]"></a>RCC_GetITStatus</STRONG> (Thumb, 20 bytes, Stack size 0 bytes, stm32f10x_rcc.o(.text), UNUSED)

<P><STRONG><a name="[293]"></a>RCC_ClearITPendingBit</STRONG> (Thumb, 6 bytes, Stack size 0 bytes, stm32f10x_rcc.o(.text), UNUSED)

<P><STRONG><a name="[22b]"></a>SPI_I2S_DeInit</STRONG> (Thumb, 76 bytes, Stack size 8 bytes, stm32f10x_spi.o(.text), UNUSED)
<BR><BR>[Calls]<UL><LI><a href="#[22c]">&gt;&gt;</a>&nbsp;&nbsp;&nbsp;RCC_APB1PeriphResetCmd
<LI><a href="#[227]">&gt;&gt;</a>&nbsp;&nbsp;&nbsp;RCC_APB2PeriphResetCmd
</UL>

<P><STRONG><a name="[77]"></a>SPI_Init</STRONG> (Thumb, 60 bytes, Stack size 8 bytes, stm32f10x_spi.o(.text))
<BR><BR>[Stack]<UL><LI>Max Depth = 8<LI>Call Chain = SPI_Init
</UL>
<BR>[Called By]<UL><LI><a href="#[50]">&gt;&gt;</a>&nbsp;&nbsp;&nbsp;W25X_Init
</UL>

<P><STRONG><a name="[22d]"></a>I2S_Init</STRONG> (Thumb, 226 bytes, Stack size 56 bytes, stm32f10x_spi.o(.text), UNUSED)
<BR><BR>[Calls]<UL><LI><a href="#[22e]">&gt;&gt;</a>&nbsp;&nbsp;&nbsp;RCC_GetClocksFreq
</UL>

<P><STRONG><a name="[294]"></a>SPI_StructInit</STRONG> (Thumb, 24 bytes, Stack size 0 bytes, stm32f10x_spi.o(.text), UNUSED)

<P><STRONG><a name="[295]"></a>I2S_StructInit</STRONG> (Thumb, 20 bytes, Stack size 0 bytes, stm32f10x_spi.o(.text), UNUSED)

<P><STRONG><a name="[76]"></a>SPI_Cmd</STRONG> (Thumb, 24 bytes, Stack size 0 bytes, stm32f10x_spi.o(.text))
<BR><BR>[Called By]<UL><LI><a href="#[50]">&gt;&gt;</a>&nbsp;&nbsp;&nbsp;W25X_Init
</UL>

<P><STRONG><a name="[296]"></a>I2S_Cmd</STRONG> (Thumb, 24 bytes, Stack size 0 bytes, stm32f10x_spi.o(.text), UNUSED)

<P><STRONG><a name="[297]"></a>SPI_I2S_ITConfig</STRONG> (Thumb, 32 bytes, Stack size 12 bytes, stm32f10x_spi.o(.text), UNUSED)

<P><STRONG><a name="[298]"></a>SPI_I2S_DMACmd</STRONG> (Thumb, 18 bytes, Stack size 0 bytes, stm32f10x_spi.o(.text), UNUSED)

<P><STRONG><a name="[299]"></a>SPI_I2S_SendData</STRONG> (Thumb, 4 bytes, Stack size 0 bytes, stm32f10x_spi.o(.text), UNUSED)

<P><STRONG><a name="[29a]"></a>SPI_I2S_ReceiveData</STRONG> (Thumb, 6 bytes, Stack size 0 bytes, stm32f10x_spi.o(.text), UNUSED)

<P><STRONG><a name="[29b]"></a>SPI_NSSInternalSoftwareConfig</STRONG> (Thumb, 30 bytes, Stack size 0 bytes, stm32f10x_spi.o(.text), UNUSED)

<P><STRONG><a name="[29c]"></a>SPI_SSOutputCmd</STRONG> (Thumb, 24 bytes, Stack size 0 bytes, stm32f10x_spi.o(.text), UNUSED)

<P><STRONG><a name="[29d]"></a>SPI_DataSizeConfig</STRONG> (Thumb, 18 bytes, Stack size 0 bytes, stm32f10x_spi.o(.text), UNUSED)

<P><STRONG><a name="[29e]"></a>SPI_TransmitCRC</STRONG> (Thumb, 10 bytes, Stack size 0 bytes, stm32f10x_spi.o(.text), UNUSED)

<P><STRONG><a name="[29f]"></a>SPI_CalculateCRC</STRONG> (Thumb, 24 bytes, Stack size 0 bytes, stm32f10x_spi.o(.text), UNUSED)

<P><STRONG><a name="[2a0]"></a>SPI_GetCRC</STRONG> (Thumb, 16 bytes, Stack size 0 bytes, stm32f10x_spi.o(.text), UNUSED)

<P><STRONG><a name="[2a1]"></a>SPI_GetCRCPolynomial</STRONG> (Thumb, 6 bytes, Stack size 0 bytes, stm32f10x_spi.o(.text), UNUSED)

<P><STRONG><a name="[2a2]"></a>SPI_BiDirectionalLineConfig</STRONG> (Thumb, 28 bytes, Stack size 0 bytes, stm32f10x_spi.o(.text), UNUSED)

<P><STRONG><a name="[2a3]"></a>SPI_I2S_GetFlagStatus</STRONG> (Thumb, 18 bytes, Stack size 0 bytes, stm32f10x_spi.o(.text), UNUSED)

<P><STRONG><a name="[2a4]"></a>SPI_I2S_ClearFlag</STRONG> (Thumb, 6 bytes, Stack size 0 bytes, stm32f10x_spi.o(.text), UNUSED)

<P><STRONG><a name="[2a5]"></a>SPI_I2S_GetITStatus</STRONG> (Thumb, 52 bytes, Stack size 20 bytes, stm32f10x_spi.o(.text), UNUSED)

<P><STRONG><a name="[2a6]"></a>SPI_I2S_ClearITPendingBit</STRONG> (Thumb, 20 bytes, Stack size 8 bytes, stm32f10x_spi.o(.text), UNUSED)

<P><STRONG><a name="[22f]"></a>USART_DeInit</STRONG> (Thumb, 134 bytes, Stack size 8 bytes, stm32f10x_usart.o(.text), UNUSED)
<BR><BR>[Calls]<UL><LI><a href="#[22c]">&gt;&gt;</a>&nbsp;&nbsp;&nbsp;RCC_APB1PeriphResetCmd
<LI><a href="#[227]">&gt;&gt;</a>&nbsp;&nbsp;&nbsp;RCC_APB2PeriphResetCmd
</UL>

<P><STRONG><a name="[65]"></a>USART_Init</STRONG> (Thumb, 210 bytes, Stack size 56 bytes, stm32f10x_usart.o(.text))
<BR><BR>[Stack]<UL><LI>Max Depth = 68<LI>Call Chain = USART_Init &rArr; RCC_GetClocksFreq
</UL>
<BR>[Calls]<UL><LI><a href="#[22e]">&gt;&gt;</a>&nbsp;&nbsp;&nbsp;RCC_GetClocksFreq
</UL>
<BR>[Called By]<UL><LI><a href="#[4f]">&gt;&gt;</a>&nbsp;&nbsp;&nbsp;uart_init
</UL>

<P><STRONG><a name="[2a7]"></a>USART_StructInit</STRONG> (Thumb, 24 bytes, Stack size 0 bytes, stm32f10x_usart.o(.text), UNUSED)

<P><STRONG><a name="[2a8]"></a>USART_ClockInit</STRONG> (Thumb, 34 bytes, Stack size 8 bytes, stm32f10x_usart.o(.text), UNUSED)

<P><STRONG><a name="[2a9]"></a>USART_ClockStructInit</STRONG> (Thumb, 12 bytes, Stack size 0 bytes, stm32f10x_usart.o(.text), UNUSED)

<P><STRONG><a name="[66]"></a>USART_Cmd</STRONG> (Thumb, 24 bytes, Stack size 0 bytes, stm32f10x_usart.o(.text))
<BR><BR>[Called By]<UL><LI><a href="#[4f]">&gt;&gt;</a>&nbsp;&nbsp;&nbsp;uart_init
</UL>

<P><STRONG><a name="[2aa]"></a>USART_ITConfig</STRONG> (Thumb, 74 bytes, Stack size 20 bytes, stm32f10x_usart.o(.text), UNUSED)

<P><STRONG><a name="[2ab]"></a>USART_DMACmd</STRONG> (Thumb, 18 bytes, Stack size 0 bytes, stm32f10x_usart.o(.text), UNUSED)

<P><STRONG><a name="[2ac]"></a>USART_SetAddress</STRONG> (Thumb, 18 bytes, Stack size 0 bytes, stm32f10x_usart.o(.text), UNUSED)

<P><STRONG><a name="[2ad]"></a>USART_WakeUpConfig</STRONG> (Thumb, 18 bytes, Stack size 0 bytes, stm32f10x_usart.o(.text), UNUSED)

<P><STRONG><a name="[2ae]"></a>USART_ReceiverWakeUpCmd</STRONG> (Thumb, 24 bytes, Stack size 0 bytes, stm32f10x_usart.o(.text), UNUSED)

<P><STRONG><a name="[2af]"></a>USART_LINBreakDetectLengthConfig</STRONG> (Thumb, 18 bytes, Stack size 0 bytes, stm32f10x_usart.o(.text), UNUSED)

<P><STRONG><a name="[2b0]"></a>USART_LINCmd</STRONG> (Thumb, 24 bytes, Stack size 0 bytes, stm32f10x_usart.o(.text), UNUSED)

<P><STRONG><a name="[2b1]"></a>USART_SendData</STRONG> (Thumb, 8 bytes, Stack size 0 bytes, stm32f10x_usart.o(.text), UNUSED)

<P><STRONG><a name="[2b2]"></a>USART_ReceiveData</STRONG> (Thumb, 10 bytes, Stack size 0 bytes, stm32f10x_usart.o(.text), UNUSED)

<P><STRONG><a name="[2b3]"></a>USART_SendBreak</STRONG> (Thumb, 10 bytes, Stack size 0 bytes, stm32f10x_usart.o(.text), UNUSED)

<P><STRONG><a name="[2b4]"></a>USART_SetGuardTime</STRONG> (Thumb, 16 bytes, Stack size 0 bytes, stm32f10x_usart.o(.text), UNUSED)

<P><STRONG><a name="[2b5]"></a>USART_SetPrescaler</STRONG> (Thumb, 16 bytes, Stack size 0 bytes, stm32f10x_usart.o(.text), UNUSED)

<P><STRONG><a name="[2b6]"></a>USART_SmartCardCmd</STRONG> (Thumb, 24 bytes, Stack size 0 bytes, stm32f10x_usart.o(.text), UNUSED)

<P><STRONG><a name="[2b7]"></a>USART_SmartCardNACKCmd</STRONG> (Thumb, 24 bytes, Stack size 0 bytes, stm32f10x_usart.o(.text), UNUSED)

<P><STRONG><a name="[2b8]"></a>USART_HalfDuplexCmd</STRONG> (Thumb, 24 bytes, Stack size 0 bytes, stm32f10x_usart.o(.text), UNUSED)

<P><STRONG><a name="[2b9]"></a>USART_OverSampling8Cmd</STRONG> (Thumb, 22 bytes, Stack size 0 bytes, stm32f10x_usart.o(.text), UNUSED)

<P><STRONG><a name="[2ba]"></a>USART_OneBitMethodCmd</STRONG> (Thumb, 24 bytes, Stack size 0 bytes, stm32f10x_usart.o(.text), UNUSED)

<P><STRONG><a name="[2bb]"></a>USART_IrDAConfig</STRONG> (Thumb, 18 bytes, Stack size 0 bytes, stm32f10x_usart.o(.text), UNUSED)

<P><STRONG><a name="[2bc]"></a>USART_IrDACmd</STRONG> (Thumb, 24 bytes, Stack size 0 bytes, stm32f10x_usart.o(.text), UNUSED)

<P><STRONG><a name="[2bd]"></a>USART_GetFlagStatus</STRONG> (Thumb, 26 bytes, Stack size 0 bytes, stm32f10x_usart.o(.text), UNUSED)

<P><STRONG><a name="[2be]"></a>USART_ClearFlag</STRONG> (Thumb, 18 bytes, Stack size 0 bytes, stm32f10x_usart.o(.text), UNUSED)

<P><STRONG><a name="[2bf]"></a>USART_GetITStatus</STRONG> (Thumb, 84 bytes, Stack size 16 bytes, stm32f10x_usart.o(.text), UNUSED)

<P><STRONG><a name="[2c0]"></a>USART_ClearITPendingBit</STRONG> (Thumb, 52 bytes, Stack size 8 bytes, stm32f10x_usart.o(.text), UNUSED)

<P><STRONG><a name="[2c1]"></a>__use_no_semihosting</STRONG> (Thumb, 2 bytes, Stack size 0 bytes, use_no_semi_2.o(.text), UNUSED)

<P><STRONG><a name="[52]"></a>__2printf</STRONG> (Thumb, 20 bytes, Stack size 24 bytes, noretval__2printf.o(.text))
<BR><BR>[Stack]<UL><LI>Max Depth = 128<LI>Call Chain = __2printf &rArr; _printf_char_file &rArr; _printf_char_common &rArr; __printf
</UL>
<BR>[Calls]<UL><LI><a href="#[230]">&gt;&gt;</a>&nbsp;&nbsp;&nbsp;_printf_char_file
</UL>
<BR>[Called By]<UL><LI><a href="#[223]">&gt;&gt;</a>&nbsp;&nbsp;&nbsp;LT738_initial
<LI><a href="#[53]">&gt;&gt;</a>&nbsp;&nbsp;&nbsp;LT738_Init
<LI><a href="#[47]">&gt;&gt;</a>&nbsp;&nbsp;&nbsp;main
</UL>

<P><STRONG><a name="[2c2]"></a>__use_two_region_memory</STRONG> (Thumb, 2 bytes, Stack size 0 bytes, heapauxi.o(.text), UNUSED)

<P><STRONG><a name="[2c3]"></a>__rt_heap_escrow$2region</STRONG> (Thumb, 2 bytes, Stack size 0 bytes, heapauxi.o(.text), UNUSED)

<P><STRONG><a name="[2c4]"></a>__rt_heap_expand$2region</STRONG> (Thumb, 2 bytes, Stack size 0 bytes, heapauxi.o(.text), UNUSED)

<P><STRONG><a name="[2c5]"></a>__I$use$semihosting</STRONG> (Thumb, 0 bytes, Stack size 0 bytes, use_no_semi.o(.text), UNUSED)

<P><STRONG><a name="[2c6]"></a>__use_no_semihosting_swi</STRONG> (Thumb, 2 bytes, Stack size 0 bytes, use_no_semi.o(.text), UNUSED)

<P><STRONG><a name="[230]"></a>_printf_char_file</STRONG> (Thumb, 32 bytes, Stack size 16 bytes, _printf_char_file.o(.text))
<BR><BR>[Stack]<UL><LI>Max Depth = 104<LI>Call Chain = _printf_char_file &rArr; _printf_char_common &rArr; __printf
</UL>
<BR>[Calls]<UL><LI><a href="#[232]">&gt;&gt;</a>&nbsp;&nbsp;&nbsp;ferror
<LI><a href="#[231]">&gt;&gt;</a>&nbsp;&nbsp;&nbsp;_printf_char_common
</UL>
<BR>[Called By]<UL><LI><a href="#[52]">&gt;&gt;</a>&nbsp;&nbsp;&nbsp;__2printf
</UL>

<P><STRONG><a name="[231]"></a>_printf_char_common</STRONG> (Thumb, 32 bytes, Stack size 64 bytes, _printf_char_common.o(.text))
<BR><BR>[Stack]<UL><LI>Max Depth = 88<LI>Call Chain = _printf_char_common &rArr; __printf
</UL>
<BR>[Calls]<UL><LI><a href="#[233]">&gt;&gt;</a>&nbsp;&nbsp;&nbsp;__printf
</UL>
<BR>[Called By]<UL><LI><a href="#[230]">&gt;&gt;</a>&nbsp;&nbsp;&nbsp;_printf_char_file
</UL>

<P><STRONG><a name="[232]"></a>ferror</STRONG> (Thumb, 8 bytes, Stack size 0 bytes, ferror.o(.text))
<BR><BR>[Called By]<UL><LI><a href="#[230]">&gt;&gt;</a>&nbsp;&nbsp;&nbsp;_printf_char_file
</UL>

<P><STRONG><a name="[43]"></a>__user_setup_stackheap</STRONG> (Thumb, 74 bytes, Stack size 8 bytes, sys_stackheap_outer.o(.text))
<BR><BR>[Stack]<UL><LI>Max Depth = 8 + Unknown Stack Size
<LI>Call Chain = __user_setup_stackheap
</UL>
<BR>[Calls]<UL><LI><a href="#[3d]">&gt;&gt;</a>&nbsp;&nbsp;&nbsp;__user_initial_stackheap
<LI><a href="#[234]">&gt;&gt;</a>&nbsp;&nbsp;&nbsp;__user_perproc_libspace
</UL>
<BR>[Called By]<UL><LI><a href="#[42]">&gt;&gt;</a>&nbsp;&nbsp;&nbsp;__rt_entry_sh
</UL>

<P><STRONG><a name="[233]"></a>__printf</STRONG> (Thumb, 40 bytes, Stack size 24 bytes, __printf_nopercent.o(.text))
<BR><BR>[Stack]<UL><LI>Max Depth = 24<LI>Call Chain = __printf
</UL>
<BR>[Called By]<UL><LI><a href="#[231]">&gt;&gt;</a>&nbsp;&nbsp;&nbsp;_printf_char_common
</UL>

<P><STRONG><a name="[48]"></a>exit</STRONG> (Thumb, 18 bytes, Stack size 8 bytes, exit.o(.text))
<BR><BR>[Stack]<UL><LI>Max Depth = 8 + Unknown Stack Size
<LI>Call Chain = exit
</UL>
<BR>[Calls]<UL><LI><a href="#[235]">&gt;&gt;</a>&nbsp;&nbsp;&nbsp;__rt_exit
</UL>
<BR>[Called By]<UL><LI><a href="#[46]">&gt;&gt;</a>&nbsp;&nbsp;&nbsp;__rt_entry_main
</UL>

<P><STRONG><a name="[2c7]"></a>__user_libspace</STRONG> (Thumb, 8 bytes, Stack size 0 bytes, libspace.o(.text), UNUSED)

<P><STRONG><a name="[234]"></a>__user_perproc_libspace</STRONG> (Thumb, 0 bytes, Stack size 0 bytes, libspace.o(.text))
<BR><BR>[Called By]<UL><LI><a href="#[43]">&gt;&gt;</a>&nbsp;&nbsp;&nbsp;__user_setup_stackheap
</UL>

<P><STRONG><a name="[2c8]"></a>__user_perthread_libspace</STRONG> (Thumb, 0 bytes, Stack size 0 bytes, libspace.o(.text), UNUSED)
<P>
<H3>
Local Symbols
</H3>
<P><STRONG><a name="[225]"></a>SetSysClockTo72</STRONG> (Thumb, 214 bytes, Stack size 12 bytes, system_stm32f10x.o(.text))
<BR><BR>[Stack]<UL><LI>Max Depth = 12<LI>Call Chain = SetSysClockTo72
</UL>
<BR>[Called By]<UL><LI><a href="#[224]">&gt;&gt;</a>&nbsp;&nbsp;&nbsp;SetSysClock
</UL>

<P><STRONG><a name="[224]"></a>SetSysClock</STRONG> (Thumb, 8 bytes, Stack size 8 bytes, system_stm32f10x.o(.text))
<BR><BR>[Stack]<UL><LI>Max Depth = 20<LI>Call Chain = SetSysClock &rArr; SetSysClockTo72
</UL>
<BR>[Calls]<UL><LI><a href="#[225]">&gt;&gt;</a>&nbsp;&nbsp;&nbsp;SetSysClockTo72
</UL>
<BR>[Called By]<UL><LI><a href="#[4d]">&gt;&gt;</a>&nbsp;&nbsp;&nbsp;SystemInit
</UL>

<P><STRONG><a name="[3a]"></a>_printf_input_char</STRONG> (Thumb, 10 bytes, Stack size 0 bytes, _printf_char_common.o(.text))
<BR>[Address Reference Count : 1]<UL><LI> _printf_char_common.o(.text)
</UL><P>
<H3>
Undefined Global Symbols
</H3><HR></body></html>
